Archive member included to satisfy reference by file (symbol)

/usr/lib/gcc/arm-none-eabi/13.2.0/thumb/v6-m/nofp/libgcc.a(_thumb1_case_sqi.o)
                              CMakeFiles/picowota.dir/usr/share/pico-sdk/lib/lwip/src/core/ipv4/dhcp.c.obj (__gnu_thumb1_case_sqi)
/usr/lib/gcc/arm-none-eabi/13.2.0/thumb/v6-m/nofp/libgcc.a(_thumb1_case_uqi.o)
                              CMakeFiles/picowota.dir/tcp_comm.c.obj (__gnu_thumb1_case_uqi)
/usr/lib/gcc/arm-none-eabi/13.2.0/thumb/v6-m/nofp/libgcc.a(_thumb1_case_shi.o)
                              CMakeFiles/picowota.dir/usr/share/pico-sdk/lib/lwip/src/core/ipv4/dhcp.c.obj (__gnu_thumb1_case_shi)
/usr/lib/gcc/arm-none-eabi/13.2.0/thumb/v6-m/nofp/libgcc.a(_thumb1_case_uhi.o)
                              CMakeFiles/picowota.dir/usr/share/pico-sdk/lib/lwip/src/core/tcp_in.c.obj (__gnu_thumb1_case_uhi)
/usr/lib/gcc/arm-none-eabi/13.2.0/thumb/v6-m/nofp/libgcc.a(_dvmd_tls.o)
                              CMakeFiles/picowota.dir/usr/share/pico-sdk/src/rp2_common/pico_divider/divider.S.obj (__aeabi_idiv0)
/usr/lib/gcc/arm-none-eabi/13.2.0/thumb/v6-m/nofp/libgcc.a(_lshrdi3.o)
                              CMakeFiles/picowota.dir/usr/share/pico-sdk/src/rp2_common/pico_double/double_math.c.obj (__aeabi_llsr)
/usr/lib/gcc/arm-none-eabi/13.2.0/thumb/v6-m/nofp/libgcc.a(_ashldi3.o)
                              CMakeFiles/picowota.dir/usr/share/pico-sdk/src/rp2_common/pico_rand/rand.c.obj (__aeabi_llsl)
/usr/lib/gcc/arm-none-eabi/13.2.0/../../../../arm-none-eabi/lib/thumb/v6-m/nofp/libg.a(libc_a-atexit.o)
                              /usr/lib/gcc/arm-none-eabi/13.2.0/../../../../arm-none-eabi/lib/thumb/v6-m/nofp/crt0.o (atexit)
/usr/lib/gcc/arm-none-eabi/13.2.0/../../../../arm-none-eabi/lib/thumb/v6-m/nofp/libg.a(libc_a-atoi.o)
                              CMakeFiles/picowota.dir/usr/share/pico-sdk/lib/lwip/src/core/netif.c.obj (atoi)
/usr/lib/gcc/arm-none-eabi/13.2.0/../../../../arm-none-eabi/lib/thumb/v6-m/nofp/libg.a(libc_a-calloc.o)
                              CMakeFiles/picowota.dir/usr/share/pico-sdk/src/rp2_common/pico_malloc/pico_malloc.c.obj (calloc)
/usr/lib/gcc/arm-none-eabi/13.2.0/../../../../arm-none-eabi/lib/thumb/v6-m/nofp/libg.a(libc_a-callocr.o)
                              /usr/lib/gcc/arm-none-eabi/13.2.0/../../../../arm-none-eabi/lib/thumb/v6-m/nofp/libg.a(libc_a-calloc.o) (_calloc_r)
/usr/lib/gcc/arm-none-eabi/13.2.0/../../../../arm-none-eabi/lib/thumb/v6-m/nofp/libg.a(libc_a-malloc.o)
                              CMakeFiles/picowota.dir/usr/share/pico-sdk/src/rp2_common/pico_malloc/pico_malloc.c.obj (malloc)
/usr/lib/gcc/arm-none-eabi/13.2.0/../../../../arm-none-eabi/lib/thumb/v6-m/nofp/libg.a(libc_a-mallocr.o)
                              /usr/lib/gcc/arm-none-eabi/13.2.0/../../../../arm-none-eabi/lib/thumb/v6-m/nofp/libg.a(libc_a-callocr.o) (_malloc_r)
/usr/lib/gcc/arm-none-eabi/13.2.0/../../../../arm-none-eabi/lib/thumb/v6-m/nofp/libg.a(libc_a-mlock.o)
                              /usr/lib/gcc/arm-none-eabi/13.2.0/../../../../arm-none-eabi/lib/thumb/v6-m/nofp/libg.a(libc_a-mallocr.o) (__malloc_lock)
/usr/lib/gcc/arm-none-eabi/13.2.0/../../../../arm-none-eabi/lib/thumb/v6-m/nofp/libg.a(libc_a-realloc.o)
                              CMakeFiles/picowota.dir/usr/share/pico-sdk/src/rp2_common/pico_malloc/pico_malloc.c.obj (realloc)
/usr/lib/gcc/arm-none-eabi/13.2.0/../../../../arm-none-eabi/lib/thumb/v6-m/nofp/libg.a(libc_a-reallocr.o)
                              /usr/lib/gcc/arm-none-eabi/13.2.0/../../../../arm-none-eabi/lib/thumb/v6-m/nofp/libg.a(libc_a-realloc.o) (_realloc_r)
/usr/lib/gcc/arm-none-eabi/13.2.0/../../../../arm-none-eabi/lib/thumb/v6-m/nofp/libg.a(libc_a-strtol.o)
                              /usr/lib/gcc/arm-none-eabi/13.2.0/../../../../arm-none-eabi/lib/thumb/v6-m/nofp/libg.a(libc_a-atoi.o) (_strtol_r)
/usr/lib/gcc/arm-none-eabi/13.2.0/../../../../arm-none-eabi/lib/thumb/v6-m/nofp/libg.a(libc_a-ctype_.o)
                              CMakeFiles/picowota.dir/usr/share/pico-sdk/lib/lwip/src/core/dns.c.obj (_ctype_)
/usr/lib/gcc/arm-none-eabi/13.2.0/../../../../arm-none-eabi/lib/thumb/v6-m/nofp/libg.a(libc_a-memcmp.o)
                              CMakeFiles/picowota.dir/main.c.obj (memcmp)
/usr/lib/gcc/arm-none-eabi/13.2.0/../../../../arm-none-eabi/lib/thumb/v6-m/nofp/libg.a(libc_a-memmove.o)
                              CMakeFiles/picowota.dir/tcp_comm.c.obj (memmove)
/usr/lib/gcc/arm-none-eabi/13.2.0/../../../../arm-none-eabi/lib/thumb/v6-m/nofp/libg.a(libc_a-strncmp.o)
                              CMakeFiles/picowota.dir/usr/share/pico-sdk/lib/lwip/src/core/def.c.obj (strncmp)
/usr/lib/gcc/arm-none-eabi/13.2.0/../../../../arm-none-eabi/lib/thumb/v6-m/nofp/libg.a(libc_a-impure.o)
                              /usr/lib/gcc/arm-none-eabi/13.2.0/../../../../arm-none-eabi/lib/thumb/v6-m/nofp/libg.a(libc_a-calloc.o) (_impure_ptr)
[...]
Memory Configuration

Name             Origin             Length             Attributes
FLASH            0x10000000         0x0005a000         xr
FLASH_IMGHDR     0x1005a000         0x00001000         xr
FLASH_APP        0x1005b000         0x001a5000         xr
RAM              0x20000000         0x00040000         xrw
SCRATCH_X        0x20040000         0x00001000         xrw
SCRATCH_Y        0x20041000         0x00001000         xrw
*default*        0x00000000         0xffffffff

Linker script and memory map

LOAD /usr/lib/gcc/arm-none-eabi/13.2.0/thumb/v6-m/nofp/crti.o
LOAD /usr/lib/gcc/arm-none-eabi/13.2.0/thumb/v6-m/nofp/crtbegin.o
LOAD /usr/lib/gcc/arm-none-eabi/13.2.0/../../../../arm-none-eabi/lib/thumb/v6-m/nofp/crt0.o

.flash_begin    0x10000000        0x0
                0x10000000                        __flash_binary_start = .

.boot2          0x10000000      0x100
                0x10000000                        __boot2_start__ = .
 *(.boot2)
 .boot2         0x10000000      0x100 /tmp/ccthCI6L.o
                0x10000100                        __boot2_end__ = .
                0x00000001                        ASSERT (((__boot2_end__ - __boot2_start__) == 0x100), ERROR: Pico second stage bootloader must be 256 bytes in size)

.app_hdr        0x1005a000        0xc
                0x1005a000                        . = ALIGN (0x1000)
                0x1005a000                        __app_hdr = .
                0x1005a000        0x4 LONG 0xdeaddead
                0x1005a004        0x4 LONG 0x0
                0x1005a008        0x4 LONG 0xdeaddead

.app_bin        0x1005b000        0x4
                0x1005b000                        . = ALIGN (0x1000)
                0x1005b000                        __app_bin = .
                0x1005b000        0x4 LONG 0x0

.text           0x10000100    0x10110
                0x10000100                        __logical_binary_start = .
 *(.vectors)
 .vectors       0x10000100       0xd4 CMakeFiles/picowota.dir/usr/share/pico-sdk/src/rp2_common/pico_standard_link/crt0.S.obj
                0x10000100                __vectors
                0x10000100                __VECTOR_TABLE
                0x100001c0                isr_invalid
                0x100001c0                __default_isrs_start
                0x100001c2                NMI_Handler
                0x100001c4                HardFault_Handler
                0x100001c6                SVC_Handler
                0x100001c8                PendSV_Handler
                0x100001ca                SysTick_Handler
                0x100001cc                TIMER_IRQ_1_Handler
                0x100001cc                TIMER_IRQ_3_Handler
                0x100001cc                isr_irq30
                0x100001cc                UART0_IRQ_Handler
                0x100001cc                __unhandled_user_irq
                0x100001cc                IO_IRQ_BANK0_Handler
                0x100001cc                PIO0_IRQ_0_Handler
                0x100001cc                USBCTRL_IRQ_Handler
                0x100001cc                SPI1_IRQ_Handler
                0x100001cc                isr_irq27
                0x100001cc                isr_irq31
                0x100001cc                PIO1_IRQ_1_Handler
                0x100001cc                DMA_IRQ_1_Handler
                0x100001cc                I2C1_IRQ_Handler
                0x100001cc                SPI0_IRQ_Handler
                0x100001cc                isr_irq28
                0x100001cc                PIO0_IRQ_1_Handler
                0x100001cc                I2C0_IRQ_Handler
                0x100001cc                SIO_IRQ_PROC1_Handler
                0x100001cc                TIMER_IRQ_0_Handler
                0x100001cc                UART1_IRQ_Handler
                0x100001cc                DMA_IRQ_0_Handler
                0x100001cc                RTC_IRQ_Handler
                0x100001cc                TIMER_IRQ_2_Handler
                0x100001cc                CLOCKS_IRQ_Handler
                0x100001cc                PIO1_IRQ_0_Handler
                0x100001cc                ADC_IRQ_FIFO_Handler
                0x100001cc                IO_IRQ_QSPI_Handler
                0x100001cc                SIO_IRQ_PROC0_Handler
                0x100001cc                XIP_IRQ_Handler
                0x100001cc                isr_irq29
                0x100001cc                isr_irq26
                0x100001cc                __default_isrs_end
                0x100001cc                PWM_IRQ_WRAP_Handler
                0x100001d2                unhandled_user_irq_num_in_r0
 *(.binary_info_header)
 .binary_info_header
                0x100001d4       0x14 CMakeFiles/picowota.dir/usr/share/pico-sdk/src/rp2_common/pico_standard_link/crt0.S.obj
                0x100001e8                        __binary_info_header_end = .
 *(.reset)
 .reset         0x100001e8       0xa0 CMakeFiles/picowota.dir/usr/share/pico-sdk/src/rp2_common/pico_standard_link/crt0.S.obj
                0x100001e8                _entry_point
 .reset         0x10000288       0x30 CMakeFiles/picowota.dir/usr/share/pico-sdk/src/rp2_common/pico_standard_link/binary_info.c.obj
 *(.init)
 .init          0x100002b8        0x4 /usr/lib/gcc/arm-none-eabi/13.2.0/thumb/v6-m/nofp/crti.o
                0x100002b8                _init
 *(EXCLUDE_FILE(*libm.a: *libc.a:*lib_a-mem*.o *libgcc.a:) .text*)
 .text.frame_dummy
                0x100002bc       0x20 /usr/lib/gcc/arm-none-eabi/13.2.0/thumb/v6-m/nofp/crtbegin.o
 .text.handle_sync
                0x100002dc        0x8 CMakeFiles/picowota.dir/main.c.obj
 .text.size_read
                0x100002e4       0x20 CMakeFiles/picowota.dir/main.c.obj
 .text.size_csum
                0x10000304       0x24 CMakeFiles/picowota.dir/main.c.obj
 .text.size_crc
                0x10000328        0x8 CMakeFiles/picowota.dir/main.c.obj
 .text.size_write
                0x10000330       0x40 CMakeFiles/picowota.dir/main.c.obj
 .text.handle_info
                0x10000370       0x2c CMakeFiles/picowota.dir/main.c.obj
 .text.size_reboot
                0x1000039c       0x10 CMakeFiles/picowota.dir/main.c.obj
 .text.handle_read
                0x100003ac       0x14 CMakeFiles/picowota.dir/main.c.obj
 .text.handle_go
                0x100003c0       0x30 CMakeFiles/picowota.dir/main.c.obj
 .text.handle_reboot
                0x100003f0       0x44 CMakeFiles/picowota.dir/main.c.obj
 .text.dma_channel_get_default_config
                0x10000434       0x2c CMakeFiles/picowota.dir/main.c.obj
 .text.critical_section_enter_blocking.constprop.0
                0x10000460       0x1c CMakeFiles/picowota.dir/main.c.obj
 .text.handle_erase
                0x1000047c       0x58 CMakeFiles/picowota.dir/main.c.obj
 .text.handle_csum
                0x100004d4       0xb0 CMakeFiles/picowota.dir/main.c.obj
 .text.calc_crc32
                0x10000584       0xb4 CMakeFiles/picowota.dir/main.c.obj
 .text.handle_crc
                0x10000638       0x14 CMakeFiles/picowota.dir/main.c.obj
 .text.image_header_ok
                0x1000064c       0x38 CMakeFiles/picowota.dir/main.c.obj
 .text.handle_seal
                0x10000684       0x88 CMakeFiles/picowota.dir/main.c.obj
 .text.handle_write
                0x1000070c       0x40 CMakeFiles/picowota.dir/main.c.obj
 .text.startup.main
                0x1000074c      0x1c4 CMakeFiles/picowota.dir/main.c.obj
                0x1000074c                main
 .text.tcp_comm_client_poll
                0x10000910        0x4 CMakeFiles/picowota.dir/tcp_comm.c.obj
 .text.tcp_comm_client_err
                0x10000914       0x1a CMakeFiles/picowota.dir/tcp_comm.c.obj
 .text.tcp_comm_client_close
                0x1000092e       0x58 CMakeFiles/picowota.dir/tcp_comm.c.obj
 *fill*         0x10000986        0x2 
 .text.tcp_comm_client_sent
                0x10000988       0x4c CMakeFiles/picowota.dir/tcp_comm.c.obj
 .text.tcp_comm_error_begin
                0x100009d4       0x34 CMakeFiles/picowota.dir/tcp_comm.c.obj
 .text.tcp_comm_data_complete
                0x10000a08       0x80 CMakeFiles/picowota.dir/tcp_comm.c.obj
 .text.tcp_comm_args_complete
                0x10000a88       0x50 CMakeFiles/picowota.dir/tcp_comm.c.obj
 .text.tcp_comm_opcode_complete
                0x10000ad8       0x58 CMakeFiles/picowota.dir/tcp_comm.c.obj
 .text.tcp_comm_client_recv
                0x10000b30       0xf0 CMakeFiles/picowota.dir/tcp_comm.c.obj
 .text.tcp_comm_server_close
                0x10000c20       0x4c CMakeFiles/picowota.dir/tcp_comm.c.obj
                0x10000c20                tcp_comm_server_close
 .text.tcp_comm_server_accept
                0x10000c6c       0x80 CMakeFiles/picowota.dir/tcp_comm.c.obj
 .text.tcp_comm_listen
                0x10000cec       0x64 CMakeFiles/picowota.dir/tcp_comm.c.obj
                0x10000cec                tcp_comm_listen
 .text.tcp_comm_new
                0x10000d50       0x78 CMakeFiles/picowota.dir/tcp_comm.c.obj
                0x10000d50                tcp_comm_new
 .text.SystemCoreClockUpdate
                0x10000dc8       0x14 CMakeFiles/picowota.dir/usr/share/pico-sdk/src/rp2_common/cmsis/stub/CMSIS/Device/RaspberryPi/RP2040/Source/system_RP2040.c.obj
                0x10000dc8                SystemCoreClockUpdate
 .text.startup.SystemInit
                0x10000ddc        0x8 CMakeFiles/picowota.dir/usr/share/pico-sdk/src/rp2_common/cmsis/stub/CMSIS/Device/RaspberryPi/RP2040/Source/system_RP2040.c.obj
                0x10000ddc                SystemInit
 .text.clock_configure
                0x10000de4       0xe8 CMakeFiles/picowota.dir/usr/share/pico-sdk/src/rp2_common/hardware_clocks/clocks.c.obj
                0x10000de4                clock_configure
 .text.clocks_init
                0x10000ecc       0xf4 CMakeFiles/picowota.dir/usr/share/pico-sdk/src/rp2_common/hardware_clocks/clocks.c.obj
                0x10000ecc                clocks_init
 .text.clock_get_hz
                0x10000fc0        0xc CMakeFiles/picowota.dir/usr/share/pico-sdk/src/rp2_common/hardware_clocks/clocks.c.obj
                0x10000fc0                clock_get_hz
 .text.running_on_fpga
                0x10000fcc       0x10 CMakeFiles/picowota.dir/usr/share/pico-sdk/src/rp2_common/pico_platform/platform.c.obj
                0x10000fcc                running_on_fpga
 .text.hw_claim_lock
                0x10000fdc       0x18 CMakeFiles/picowota.dir/usr/share/pico-sdk/src/rp2_common/hardware_claim/claim.c.obj
                0x10000fdc                hw_claim_lock
 .text.hw_claim_unlock
                0x10000ff4       0x14 CMakeFiles/picowota.dir/usr/share/pico-sdk/src/rp2_common/hardware_claim/claim.c.obj
                0x10000ff4                hw_claim_unlock
 .text.hw_is_claimed
                0x10001008       0x16 CMakeFiles/picowota.dir/usr/share/pico-sdk/src/rp2_common/hardware_claim/claim.c.obj
                0x10001008                hw_is_claimed
 .text.hw_claim_or_assert
                0x1000101e       0x3a CMakeFiles/picowota.dir/usr/share/pico-sdk/src/rp2_common/hardware_claim/claim.c.obj
                0x1000101e                hw_claim_or_assert
 .text.hw_claim_unused_from_range
                0x10001058       0x52 CMakeFiles/picowota.dir/usr/share/pico-sdk/src/rp2_common/hardware_claim/claim.c.obj
                0x10001058                hw_claim_unused_from_range
 *fill*         0x100010aa        0x2 
 .text.hw_claim_clear
                0x100010ac       0x48 CMakeFiles/picowota.dir/usr/share/pico-sdk/src/rp2_common/hardware_claim/claim.c.obj
                0x100010ac                hw_claim_clear
 .text.spin_locks_reset
                0x100010f4       0x1c CMakeFiles/picowota.dir/usr/share/pico-sdk/src/rp2_common/hardware_sync/sync.c.obj
                0x100010f4                spin_locks_reset
 .text.next_striped_spin_lock_num
                0x10001110       0x18 CMakeFiles/picowota.dir/usr/share/pico-sdk/src/rp2_common/hardware_sync/sync.c.obj
                0x10001110                next_striped_spin_lock_num
 .text.spin_lock_claim_unused
                0x10001128       0x20 CMakeFiles/picowota.dir/usr/share/pico-sdk/src/rp2_common/hardware_sync/sync.c.obj
                0x10001128                spin_lock_claim_unused
 .text.gpio_set_function
                0x10001148       0x2c CMakeFiles/picowota.dir/usr/share/pico-sdk/src/rp2_common/hardware_gpio/gpio.c.obj
                0x10001148                gpio_set_function
 .text.gpio_set_pulls
                0x10001174       0x24 CMakeFiles/picowota.dir/usr/share/pico-sdk/src/rp2_common/hardware_gpio/gpio.c.obj
                0x10001174                gpio_set_pulls
 .text.gpio_set_input_hysteresis_enabled
                0x10001198       0x1c CMakeFiles/picowota.dir/usr/share/pico-sdk/src/rp2_common/hardware_gpio/gpio.c.obj
                0x10001198                gpio_set_input_hysteresis_enabled
 .text.gpio_add_raw_irq_handler_with_order_priority_masked
                0x100011b4       0x3c CMakeFiles/picowota.dir/usr/share/pico-sdk/src/rp2_common/hardware_gpio/gpio.c.obj
                0x100011b4                gpio_add_raw_irq_handler_with_order_priority_masked
 .text.gpio_remove_raw_irq_handler_masked
                0x100011f0       0x44 CMakeFiles/picowota.dir/usr/share/pico-sdk/src/rp2_common/hardware_gpio/gpio.c.obj
                0x100011f0                gpio_remove_raw_irq_handler_masked
 .text.gpio_acknowledge_irq
                0x10001234       0x18 CMakeFiles/picowota.dir/usr/share/pico-sdk/src/rp2_common/hardware_gpio/gpio.c.obj
                0x10001234                gpio_acknowledge_irq
 .text.gpio_set_irq_enabled
                0x1000124c       0x44 CMakeFiles/picowota.dir/usr/share/pico-sdk/src/rp2_common/hardware_gpio/gpio.c.obj
                0x1000124c                gpio_set_irq_enabled
 .text.gpio_init
                0x10001290       0x16 CMakeFiles/picowota.dir/usr/share/pico-sdk/src/rp2_common/hardware_gpio/gpio.c.obj
                0x10001290                gpio_init
 *fill*         0x100012a6        0x2 
 .text.set_raw_irq_handler_and_unlock
                0x100012a8       0x28 CMakeFiles/picowota.dir/usr/share/pico-sdk/src/rp2_common/hardware_irq/irq.c.obj
 .text.resolve_branch
                0x100012d0       0x2c CMakeFiles/picowota.dir/usr/share/pico-sdk/src/rp2_common/hardware_irq/irq.c.obj
 .text.make_branch
                0x100012fc       0x40 CMakeFiles/picowota.dir/usr/share/pico-sdk/src/rp2_common/hardware_irq/irq.c.obj
 .text.irq_is_enabled
                0x1000133c       0x18 CMakeFiles/picowota.dir/usr/share/pico-sdk/src/rp2_common/hardware_irq/irq.c.obj
                0x1000133c                irq_is_enabled
 .text.irq_set_mask_enabled
                0x10001354       0x20 CMakeFiles/picowota.dir/usr/share/pico-sdk/src/rp2_common/hardware_irq/irq.c.obj
                0x10001354                irq_set_mask_enabled
 .text.irq_set_enabled
                0x10001374        0xe CMakeFiles/picowota.dir/usr/share/pico-sdk/src/rp2_common/hardware_irq/irq.c.obj
                0x10001374                irq_set_enabled
 *fill*         0x10001382        0x2 
 .text.irq_get_vtable_handler
                0x10001384       0x10 CMakeFiles/picowota.dir/usr/share/pico-sdk/src/rp2_common/hardware_irq/irq.c.obj
                0x10001384                irq_get_vtable_handler
 .text.irq_set_exclusive_handler
                0x10001394       0x54 CMakeFiles/picowota.dir/usr/share/pico-sdk/src/rp2_common/hardware_irq/irq.c.obj
                0x10001394                irq_set_exclusive_handler
 .text.irq_add_shared_handler
                0x100013e8      0x1c4 CMakeFiles/picowota.dir/usr/share/pico-sdk/src/rp2_common/hardware_irq/irq.c.obj
                0x100013e8                irq_add_shared_handler
 .text.irq_remove_handler
                0x100015ac      0x188 CMakeFiles/picowota.dir/usr/share/pico-sdk/src/rp2_common/hardware_irq/irq.c.obj
                0x100015ac                irq_remove_handler
 .text.irq_add_tail_to_free_list
                0x10001734       0xe0 CMakeFiles/picowota.dir/usr/share/pico-sdk/src/rp2_common/hardware_irq/irq.c.obj
                0x10001734                irq_add_tail_to_free_list
 .text.irq_init_priorities
                0x10001814       0x24 CMakeFiles/picowota.dir/usr/share/pico-sdk/src/rp2_common/hardware_irq/irq.c.obj
                0x10001814                irq_init_priorities
 .text.sem_init
                0x10001838       0x1e CMakeFiles/picowota.dir/usr/share/pico-sdk/src/common/pico_sync/sem.c.obj
                0x10001838                sem_init
 *fill*         0x10001856        0x2 
 .text.lock_init
                0x10001858       0x10 CMakeFiles/picowota.dir/usr/share/pico-sdk/src/common/pico_sync/lock_core.c.obj
                0x10001858                lock_init
 .text.mutex_init
                0x10001868       0x1a CMakeFiles/picowota.dir/usr/share/pico-sdk/src/common/pico_sync/mutex.c.obj
                0x10001868                mutex_init
 .text.recursive_mutex_init
                0x10001882       0x1a CMakeFiles/picowota.dir/usr/share/pico-sdk/src/common/pico_sync/mutex.c.obj
                0x10001882                recursive_mutex_init
 .text.critical_section_init_with_lock_num
                0x1000189c       0x14 CMakeFiles/picowota.dir/usr/share/pico-sdk/src/common/pico_sync/critical_section.c.obj
                0x1000189c                critical_section_init_with_lock_num
 .text.critical_section_init
                0x100018b0       0x14 CMakeFiles/picowota.dir/usr/share/pico-sdk/src/common/pico_sync/critical_section.c.obj
                0x100018b0                critical_section_init
 .text.time_reached
                0x100018c4       0x28 CMakeFiles/picowota.dir/usr/share/pico-sdk/src/common/pico_time/time.c.obj
 .text.alarm_pool_post_alloc_init
                0x100018ec       0x40 CMakeFiles/picowota.dir/usr/share/pico-sdk/src/common/pico_time/time.c.obj
 .text.sleep_until_callback
                0x1000192c       0x30 CMakeFiles/picowota.dir/usr/share/pico-sdk/src/common/pico_time/time.c.obj
 .text.get_entry
                0x1000195c       0x38 CMakeFiles/picowota.dir/usr/share/pico-sdk/src/common/pico_time/time.c.obj
 .text.timer_pool_entry_comparator
                0x10001994       0x2c CMakeFiles/picowota.dir/usr/share/pico-sdk/src/common/pico_time/time.c.obj
                0x10001994                timer_pool_entry_comparator
 .text.update_us_since_boot.part.0
                0x100019c0       0x1c CMakeFiles/picowota.dir/usr/share/pico-sdk/src/common/pico_time/time.c.obj
 .text.get_absolute_time
                0x100019dc       0x18 CMakeFiles/picowota.dir/usr/share/pico-sdk/src/common/pico_time/time.c.obj
 .text.ph_get_node
                0x100019f4       0x34 CMakeFiles/picowota.dir/usr/share/pico-sdk/src/common/pico_time/time.c.obj
 .text.ph_contains_node
                0x10001a28       0x18 CMakeFiles/picowota.dir/usr/share/pico-sdk/src/common/pico_time/time.c.obj
 .text.ph_add_child_node
                0x10001a40       0x64 CMakeFiles/picowota.dir/usr/share/pico-sdk/src/common/pico_time/time.c.obj
 .text.add_alarm_under_lock
                0x10001aa4       0xe4 CMakeFiles/picowota.dir/usr/share/pico-sdk/src/common/pico_time/time.c.obj
 .text.get_entry_id_high
                0x10001b88       0x30 CMakeFiles/picowota.dir/usr/share/pico-sdk/src/common/pico_time/time.c.obj
 .text.alarm_pool_alarm_callback
                0x10001bb8      0x220 CMakeFiles/picowota.dir/usr/share/pico-sdk/src/common/pico_time/time.c.obj
 .text.alarm_pool_init_default
                0x10001dd8       0x3c CMakeFiles/picowota.dir/usr/share/pico-sdk/src/common/pico_time/time.c.obj
                0x10001dd8                alarm_pool_init_default
 .text.alarm_pool_get_default
                0x10001e14       0x28 CMakeFiles/picowota.dir/usr/share/pico-sdk/src/common/pico_time/time.c.obj
                0x10001e14                alarm_pool_get_default
 .text.alarm_pool_add_alarm_at
                0x10001e3c       0xd4 CMakeFiles/picowota.dir/usr/share/pico-sdk/src/common/pico_time/time.c.obj
                0x10001e3c                alarm_pool_add_alarm_at
 .text.alarm_pool_cancel_alarm
                0x10001f10       0x90 CMakeFiles/picowota.dir/usr/share/pico-sdk/src/common/pico_time/time.c.obj
                0x10001f10                alarm_pool_cancel_alarm
 .text.sleep_until
                0x10001fa0       0xb8 CMakeFiles/picowota.dir/usr/share/pico-sdk/src/common/pico_time/time.c.obj
                0x10001fa0                sleep_until
 .text.sleep_us
                0x10002058       0x2c CMakeFiles/picowota.dir/usr/share/pico-sdk/src/common/pico_time/time.c.obj
                0x10002058                sleep_us
 .text.sleep_ms
                0x10002084       0x14 CMakeFiles/picowota.dir/usr/share/pico-sdk/src/common/pico_time/time.c.obj
                0x10002084                sleep_ms
 .text.best_effort_wfe_or_timeout
                0x10002098       0x44 CMakeFiles/picowota.dir/usr/share/pico-sdk/src/common/pico_time/time.c.obj
                0x10002098                best_effort_wfe_or_timeout
 .text.hardware_alarm_irq_handler
                0x100020dc       0x90 CMakeFiles/picowota.dir/usr/share/pico-sdk/src/rp2_common/hardware_timer/timer.c.obj
 .text.hardware_alarm_claim
                0x1000216c       0x18 CMakeFiles/picowota.dir/usr/share/pico-sdk/src/rp2_common/hardware_timer/timer.c.obj
                0x1000216c                hardware_alarm_claim
 .text.time_us_64
                0x10002184       0x14 CMakeFiles/picowota.dir/usr/share/pico-sdk/src/rp2_common/hardware_timer/timer.c.obj
                0x10002184                time_us_64
 .text.busy_wait_until
                0x10002198       0x1c CMakeFiles/picowota.dir/usr/share/pico-sdk/src/rp2_common/hardware_timer/timer.c.obj
                0x10002198                busy_wait_until
 .text.hardware_alarm_set_callback
                0x100021b4       0x9c CMakeFiles/picowota.dir/usr/share/pico-sdk/src/rp2_common/hardware_timer/timer.c.obj
                0x100021b4                hardware_alarm_set_callback
 .text.hardware_alarm_set_target
                0x10002250       0xe8 CMakeFiles/picowota.dir/usr/share/pico-sdk/src/rp2_common/hardware_timer/timer.c.obj
                0x10002250                hardware_alarm_set_target
 .text.hardware_alarm_cancel
                0x10002338       0x40 CMakeFiles/picowota.dir/usr/share/pico-sdk/src/rp2_common/hardware_timer/timer.c.obj
                0x10002338                hardware_alarm_cancel
 .text.ph_get_node
                0x10002378       0x34 CMakeFiles/picowota.dir/usr/share/pico-sdk/src/common/pico_util/pheap.c.obj
 .text.ph_add_child_node
                0x100023ac       0x64 CMakeFiles/picowota.dir/usr/share/pico-sdk/src/common/pico_util/pheap.c.obj
 .text.ph_merge_nodes
                0x10002410       0x36 CMakeFiles/picowota.dir/usr/share/pico-sdk/src/common/pico_util/pheap.c.obj
 .text.ph_clear
                0x10002446       0x32 CMakeFiles/picowota.dir/usr/share/pico-sdk/src/common/pico_util/pheap.c.obj
                0x10002446                ph_clear
 .text.ph_post_alloc_init
                0x10002478        0xe CMakeFiles/picowota.dir/usr/share/pico-sdk/src/common/pico_util/pheap.c.obj
                0x10002478                ph_post_alloc_init
 .text.ph_merge_two_pass
                0x10002486       0x50 CMakeFiles/picowota.dir/usr/share/pico-sdk/src/common/pico_util/pheap.c.obj
                0x10002486                ph_merge_two_pass
 *fill*         0x100024d6        0x2 
 .text.ph_remove_any_head
                0x100024d8       0xac CMakeFiles/picowota.dir/usr/share/pico-sdk/src/common/pico_util/pheap.c.obj
 .text.ph_remove_head
                0x10002584       0x14 CMakeFiles/picowota.dir/usr/share/pico-sdk/src/common/pico_util/pheap.c.obj
                0x10002584                ph_remove_head
 .text.ph_remove_and_free_node
                0x10002598       0x98 CMakeFiles/picowota.dir/usr/share/pico-sdk/src/common/pico_util/pheap.c.obj
                0x10002598                ph_remove_and_free_node
 .text.queue_get_level_unsafe
                0x10002630       0x12 CMakeFiles/picowota.dir/usr/share/pico-sdk/src/common/pico_util/queue.c.obj
 *fill*         0x10002642        0x2 
 .text.element_ptr
                0x10002644       0x2c CMakeFiles/picowota.dir/usr/share/pico-sdk/src/common/pico_util/queue.c.obj
 .text.queue_add_internal
                0x10002670       0x7e CMakeFiles/picowota.dir/usr/share/pico-sdk/src/common/pico_util/queue.c.obj
 .text.queue_remove_internal
                0x100026ee       0x7c CMakeFiles/picowota.dir/usr/share/pico-sdk/src/common/pico_util/queue.c.obj
 .text.queue_init_with_spinlock
                0x1000276a       0x22 CMakeFiles/picowota.dir/usr/share/pico-sdk/src/common/pico_util/queue.c.obj
                0x1000276a                queue_init_with_spinlock
 .text.queue_try_add
                0x1000278c        0xa CMakeFiles/picowota.dir/usr/share/pico-sdk/src/common/pico_util/queue.c.obj
                0x1000278c                queue_try_add
 .text.queue_try_remove
                0x10002796        0xa CMakeFiles/picowota.dir/usr/share/pico-sdk/src/common/pico_util/queue.c.obj
                0x10002796                queue_try_remove
 .text.queue_add_blocking
                0x100027a0        0xa CMakeFiles/picowota.dir/usr/share/pico-sdk/src/common/pico_util/queue.c.obj
                0x100027a0                queue_add_blocking
 *fill*         0x100027aa        0x2 
 .text.pll_init
                0x100027ac      0x100 CMakeFiles/picowota.dir/usr/share/pico-sdk/src/rp2_common/hardware_pll/pll.c.obj
                0x100027ac                pll_init
 .text.watchdog_start_tick
                0x100028ac       0x10 CMakeFiles/picowota.dir/usr/share/pico-sdk/src/rp2_common/hardware_watchdog/watchdog.c.obj
                0x100028ac                watchdog_start_tick
 .text.watchdog_update
                0x100028bc       0x14 CMakeFiles/picowota.dir/usr/share/pico-sdk/src/rp2_common/hardware_watchdog/watchdog.c.obj
                0x100028bc                watchdog_update
 .text._watchdog_enable
                0x100028d0       0x64 CMakeFiles/picowota.dir/usr/share/pico-sdk/src/rp2_common/hardware_watchdog/watchdog.c.obj
                0x100028d0                _watchdog_enable
 .text.watchdog_reboot
                0x10002934       0x44 CMakeFiles/picowota.dir/usr/share/pico-sdk/src/rp2_common/hardware_watchdog/watchdog.c.obj
                0x10002934                watchdog_reboot
 .text.xosc_init
                0x10002978       0x28 CMakeFiles/picowota.dir/usr/share/pico-sdk/src/rp2_common/hardware_xosc/xosc.c.obj
                0x10002978                xosc_init
 .text.dma_channel_unclaim
                0x100029a0       0x14 CMakeFiles/picowota.dir/usr/share/pico-sdk/src/rp2_common/hardware_dma/dma.c.obj
                0x100029a0                dma_channel_unclaim
 .text.dma_claim_unused_channel
                0x100029b4       0x20 CMakeFiles/picowota.dir/usr/share/pico-sdk/src/rp2_common/hardware_dma/dma.c.obj
                0x100029b4                dma_claim_unused_channel
 .text.flash_get_unique_id
                0x100029d4       0x3c CMakeFiles/picowota.dir/usr/share/pico-sdk/src/rp2_common/hardware_flash/flash.c.obj
                0x100029d4                flash_get_unique_id
 .text.rom_func_lookup
                0x10002a10       0x10 CMakeFiles/picowota.dir/usr/share/pico-sdk/src/rp2_common/pico_bootrom/bootrom.c.obj
                0x10002a10                rom_func_lookup
 .text.rom_data_lookup
                0x10002a20       0x10 CMakeFiles/picowota.dir/usr/share/pico-sdk/src/rp2_common/pico_bootrom/bootrom.c.obj
                0x10002a20                rom_data_lookup
 .text.rom_funcs_lookup
                0x10002a30       0x26 CMakeFiles/picowota.dir/usr/share/pico-sdk/src/rp2_common/pico_bootrom/bootrom.c.obj
                0x10002a30                rom_funcs_lookup
 *fill*         0x10002a56        0x2 
 .text.update_us_since_boot.part.0
                0x10002a58       0x1c CMakeFiles/picowota.dir/usr/share/pico-sdk/src/rp2_common/pico_lwip/lwip_nosys.c.obj
 .text.lwip_timeout_reached
                0x10002a74       0x2c CMakeFiles/picowota.dir/usr/share/pico-sdk/src/rp2_common/pico_lwip/lwip_nosys.c.obj
 .text.update_next_timeout
                0x10002aa0       0x94 CMakeFiles/picowota.dir/usr/share/pico-sdk/src/rp2_common/pico_lwip/lwip_nosys.c.obj
 .text.lwip_nosys_init
                0x10002b34       0x30 CMakeFiles/picowota.dir/usr/share/pico-sdk/src/rp2_common/pico_lwip/lwip_nosys.c.obj
                0x10002b34                lwip_nosys_init
 .text.lwip_nosys_deinit
                0x10002b64       0x20 CMakeFiles/picowota.dir/usr/share/pico-sdk/src/rp2_common/pico_lwip/lwip_nosys.c.obj
                0x10002b64                lwip_nosys_deinit
 .text.sys_arch_protect
                0x10002b84        0x4 CMakeFiles/picowota.dir/usr/share/pico-sdk/src/rp2_common/pico_lwip/lwip_nosys.c.obj
                0x10002b84                sys_arch_protect
 .text.sys_arch_unprotect
                0x10002b88        0x2 CMakeFiles/picowota.dir/usr/share/pico-sdk/src/rp2_common/pico_lwip/lwip_nosys.c.obj
                0x10002b88                sys_arch_unprotect
 .text.sys_now  0x10002b8a       0x28 CMakeFiles/picowota.dir/usr/share/pico-sdk/src/rp2_common/pico_lwip/lwip_nosys.c.obj
                0x10002b8a                sys_now
 *fill*         0x10002bb2        0x2 
 .text.get_absolute_time
                0x10002bb4       0x2c CMakeFiles/picowota.dir/usr/share/pico-sdk/src/rp2_common/pico_async_context/async_context_base.c.obj
 .text.async_context_base_add_at_time_worker
                0x10002be0       0x20 CMakeFiles/picowota.dir/usr/share/pico-sdk/src/rp2_common/pico_async_context/async_context_base.c.obj
                0x10002be0                async_context_base_add_at_time_worker
 .text.async_context_base_remove_at_time_worker
                0x10002c00       0x1c CMakeFiles/picowota.dir/usr/share/pico-sdk/src/rp2_common/pico_async_context/async_context_base.c.obj
                0x10002c00                async_context_base_remove_at_time_worker
 .text.async_context_base_add_when_pending_worker
                0x10002c1c       0x1e CMakeFiles/picowota.dir/usr/share/pico-sdk/src/rp2_common/pico_async_context/async_context_base.c.obj
                0x10002c1c                async_context_base_add_when_pending_worker
 .text.async_context_base_remove_when_pending_worker
                0x10002c3a       0x1a CMakeFiles/picowota.dir/usr/share/pico-sdk/src/rp2_common/pico_async_context/async_context_base.c.obj
                0x10002c3a                async_context_base_remove_when_pending_worker
 .text.async_context_base_remove_ready_at_time_worker
                0x10002c54       0x84 CMakeFiles/picowota.dir/usr/share/pico-sdk/src/rp2_common/pico_async_context/async_context_base.c.obj
                0x10002c54                async_context_base_remove_ready_at_time_worker
 .text.async_context_base_refresh_next_timeout
                0x10002cd8       0x40 CMakeFiles/picowota.dir/usr/share/pico-sdk/src/rp2_common/pico_async_context/async_context_base.c.obj
                0x10002cd8                async_context_base_refresh_next_timeout
 .text.async_context_base_execute_once
                0x10002d18       0x46 CMakeFiles/picowota.dir/usr/share/pico-sdk/src/rp2_common/pico_async_context/async_context_base.c.obj
                0x10002d18                async_context_base_execute_once
 *fill*         0x10002d5e        0x2 
 .text.splitmix64
                0x10002d60       0x58 CMakeFiles/picowota.dir/usr/share/pico-sdk/src/rp2_common/pico_rand/rand.c.obj
 .text.xoroshiro128ss
                0x10002db8       0x84 CMakeFiles/picowota.dir/usr/share/pico-sdk/src/rp2_common/pico_rand/rand.c.obj
 .text.capture_additional_rosc_samples
                0x10002e3c      0x140 CMakeFiles/picowota.dir/usr/share/pico-sdk/src/rp2_common/pico_rand/rand.c.obj
 .text.get_rand_64
                0x10002f7c      0x1f8 CMakeFiles/picowota.dir/usr/share/pico-sdk/src/rp2_common/pico_rand/rand.c.obj
                0x10002f7c                get_rand_64
 .text.get_rand_32
                0x10003174        0x8 CMakeFiles/picowota.dir/usr/share/pico-sdk/src/rp2_common/pico_rand/rand.c.obj
                0x10003174                get_rand_32
 .text.startup._retrieve_unique_id_on_boot
                0x1000317c       0x10 CMakeFiles/picowota.dir/usr/share/pico-sdk/src/rp2_common/pico_unique_id/unique_id.c.obj
 .text.pico_get_unique_board_id
                0x1000318c       0x10 CMakeFiles/picowota.dir/usr/share/pico-sdk/src/rp2_common/pico_unique_id/unique_id.c.obj
                0x1000318c                pico_get_unique_board_id
 .text.lwip_init
                0x1000319c       0x24 CMakeFiles/picowota.dir/usr/share/pico-sdk/lib/lwip/src/core/init.c.obj
                0x1000319c                lwip_init
 .text.lwip_htons
                0x100031c0        0x6 CMakeFiles/picowota.dir/usr/share/pico-sdk/lib/lwip/src/core/def.c.obj
                0x100031c0                lwip_htons
 .text.lwip_htonl
                0x100031c6        0x4 CMakeFiles/picowota.dir/usr/share/pico-sdk/lib/lwip/src/core/def.c.obj
                0x100031c6                lwip_htonl
 *fill*         0x100031ca        0x2 
 .text.dns_call_found
                0x100031cc       0xa0 CMakeFiles/picowota.dir/usr/share/pico-sdk/lib/lwip/src/core/dns.c.obj
 .text.dns_send.isra.0
                0x1000326c      0x120 CMakeFiles/picowota.dir/usr/share/pico-sdk/lib/lwip/src/core/dns.c.obj
 .text.dns_check_entry
                0x1000338c       0xd4 CMakeFiles/picowota.dir/usr/share/pico-sdk/lib/lwip/src/core/dns.c.obj
 .text.dns_init
                0x10003460        0x2 CMakeFiles/picowota.dir/usr/share/pico-sdk/lib/lwip/src/core/dns.c.obj
                0x10003460                dns_init
 *fill*         0x10003462        0x2 
 .text.dns_setserver
                0x10003464       0x20 CMakeFiles/picowota.dir/usr/share/pico-sdk/lib/lwip/src/core/dns.c.obj
                0x10003464                dns_setserver
 .text.dns_tmr  0x10003484       0x1c CMakeFiles/picowota.dir/usr/share/pico-sdk/lib/lwip/src/core/dns.c.obj
                0x10003484                dns_tmr
 .text.lwip_standard_chksum
                0x100034a0       0x92 CMakeFiles/picowota.dir/usr/share/pico-sdk/lib/lwip/src/core/inet_chksum.c.obj
                0x100034a0                lwip_standard_chksum
 .text.inet_chksum_pseudo
                0x10003532       0x92 CMakeFiles/picowota.dir/usr/share/pico-sdk/lib/lwip/src/core/inet_chksum.c.obj
                0x10003532                inet_chksum_pseudo
 .text.ip_chksum_pseudo
                0x100035c4        0xc CMakeFiles/picowota.dir/usr/share/pico-sdk/lib/lwip/src/core/inet_chksum.c.obj
                0x100035c4                ip_chksum_pseudo
 .text.inet_chksum
                0x100035d0        0xc CMakeFiles/picowota.dir/usr/share/pico-sdk/lib/lwip/src/core/inet_chksum.c.obj
                0x100035d0                inet_chksum
 .text.inet_chksum_pbuf
                0x100035dc       0x4e CMakeFiles/picowota.dir/usr/share/pico-sdk/lib/lwip/src/core/inet_chksum.c.obj
                0x100035dc                inet_chksum_pbuf
 .text.mem_init
                0x1000362a        0x2 CMakeFiles/picowota.dir/usr/share/pico-sdk/lib/lwip/src/core/mem.c.obj
                0x1000362a                mem_init
 .text.mem_trim
                0x1000362c        0x2 CMakeFiles/picowota.dir/usr/share/pico-sdk/lib/lwip/src/core/mem.c.obj
                0x1000362c                mem_trim
 *fill*         0x1000362e        0x2 
 .text.mem_malloc
                0x10003630       0x2c CMakeFiles/picowota.dir/usr/share/pico-sdk/lib/lwip/src/core/mem.c.obj
                0x10003630                mem_malloc
 .text.mem_free
                0x1000365c       0x28 CMakeFiles/picowota.dir/usr/share/pico-sdk/lib/lwip/src/core/mem.c.obj
                0x1000365c                mem_free
 .text.do_memp_malloc_pool
                0x10003684       0x2c CMakeFiles/picowota.dir/usr/share/pico-sdk/lib/lwip/src/core/memp.c.obj
 .text.do_memp_free_pool
                0x100036b0       0x28 CMakeFiles/picowota.dir/usr/share/pico-sdk/lib/lwip/src/core/memp.c.obj
 .text.memp_init_pool
                0x100036d8       0x26 CMakeFiles/picowota.dir/usr/share/pico-sdk/lib/lwip/src/core/memp.c.obj
                0x100036d8                memp_init_pool
 *fill*         0x100036fe        0x2 
 .text.memp_init
                0x10003700       0x1c CMakeFiles/picowota.dir/usr/share/pico-sdk/lib/lwip/src/core/memp.c.obj
                0x10003700                memp_init
 .text.memp_malloc
                0x1000371c       0x24 CMakeFiles/picowota.dir/usr/share/pico-sdk/lib/lwip/src/core/memp.c.obj
                0x1000371c                memp_malloc
 .text.memp_free
                0x10003740       0x28 CMakeFiles/picowota.dir/usr/share/pico-sdk/lib/lwip/src/core/memp.c.obj
                0x10003740                memp_free
 .text.netif_null_output_ip4
                0x10003768        0x6 CMakeFiles/picowota.dir/usr/share/pico-sdk/lib/lwip/src/core/netif.c.obj
 *fill*         0x1000376e        0x2 
 .text.netif_issue_reports
                0x10003770       0x30 CMakeFiles/picowota.dir/usr/share/pico-sdk/lib/lwip/src/core/netif.c.obj
 .text.netif_do_set_ipaddr.isra.0
                0x100037a0       0x44 CMakeFiles/picowota.dir/usr/share/pico-sdk/lib/lwip/src/core/netif.c.obj
 .text.netif_init
                0x100037e4        0x2 CMakeFiles/picowota.dir/usr/share/pico-sdk/lib/lwip/src/core/netif.c.obj
                0x100037e4                netif_init
 *fill*         0x100037e6        0x2 
 .text.netif_set_addr
                0x100037e8       0x58 CMakeFiles/picowota.dir/usr/share/pico-sdk/lib/lwip/src/core/netif.c.obj
                0x100037e8                netif_set_addr
 .text.netif_add
                0x10003840       0xfc CMakeFiles/picowota.dir/usr/share/pico-sdk/lib/lwip/src/core/netif.c.obj
                0x10003840                netif_add
 .text.netif_set_default
                0x1000393c        0xc CMakeFiles/picowota.dir/usr/share/pico-sdk/lib/lwip/src/core/netif.c.obj
                0x1000393c                netif_set_default
 .text.netif_set_up
                0x10003948       0x34 CMakeFiles/picowota.dir/usr/share/pico-sdk/lib/lwip/src/core/netif.c.obj
                0x10003948                netif_set_up
 .text.netif_set_down
                0x1000397c       0x3c CMakeFiles/picowota.dir/usr/share/pico-sdk/lib/lwip/src/core/netif.c.obj
                0x1000397c                netif_set_down
 .text.netif_remove
                0x100039b8       0x6c CMakeFiles/picowota.dir/usr/share/pico-sdk/lib/lwip/src/core/netif.c.obj
                0x100039b8                netif_remove
 .text.netif_set_link_up
                0x10003a24       0x3c CMakeFiles/picowota.dir/usr/share/pico-sdk/lib/lwip/src/core/netif.c.obj
                0x10003a24                netif_set_link_up
 .text.netif_set_link_down
                0x10003a60       0x2c CMakeFiles/picowota.dir/usr/share/pico-sdk/lib/lwip/src/core/netif.c.obj
                0x10003a60                netif_set_link_down
 .text.netif_get_by_index
                0x10003a8c       0x24 CMakeFiles/picowota.dir/usr/share/pico-sdk/lib/lwip/src/core/netif.c.obj
                0x10003a8c                netif_get_by_index
 .text.pbuf_skip_const
                0x10003ab0       0x1a CMakeFiles/picowota.dir/usr/share/pico-sdk/lib/lwip/src/core/pbuf.c.obj
 *fill*         0x10003aca        0x2 
 .text.pbuf_add_header_impl
                0x10003acc       0x60 CMakeFiles/picowota.dir/usr/share/pico-sdk/lib/lwip/src/core/pbuf.c.obj
 .text.pbuf_free_ooseq
                0x10003b2c       0x30 CMakeFiles/picowota.dir/usr/share/pico-sdk/lib/lwip/src/core/pbuf.c.obj
                0x10003b2c                pbuf_free_ooseq
 .text.pbuf_alloc_reference
                0x10003b5c       0x38 CMakeFiles/picowota.dir/usr/share/pico-sdk/lib/lwip/src/core/pbuf.c.obj
                0x10003b5c                pbuf_alloc_reference
 .text.pbuf_add_header
                0x10003b94        0xa CMakeFiles/picowota.dir/usr/share/pico-sdk/lib/lwip/src/core/pbuf.c.obj
                0x10003b94                pbuf_add_header
 *fill*         0x10003b9e        0x2 
 .text.pbuf_remove_header
                0x10003ba0       0x48 CMakeFiles/picowota.dir/usr/share/pico-sdk/lib/lwip/src/core/pbuf.c.obj
                0x10003ba0                pbuf_remove_header
 .text.pbuf_header_force
                0x10003be8       0x16 CMakeFiles/picowota.dir/usr/share/pico-sdk/lib/lwip/src/core/pbuf.c.obj
                0x10003be8                pbuf_header_force
 *fill*         0x10003bfe        0x2 
 .text.pbuf_free
                0x10003c00       0x74 CMakeFiles/picowota.dir/usr/share/pico-sdk/lib/lwip/src/core/pbuf.c.obj
                0x10003c00                pbuf_free
 .text.pbuf_alloc
                0x10003c74       0xe8 CMakeFiles/picowota.dir/usr/share/pico-sdk/lib/lwip/src/core/pbuf.c.obj
                0x10003c74                pbuf_alloc
 .text.pbuf_realloc
                0x10003d5c       0x7c CMakeFiles/picowota.dir/usr/share/pico-sdk/lib/lwip/src/core/pbuf.c.obj
                0x10003d5c                pbuf_realloc
 .text.pbuf_clen
                0x10003dd8       0x12 CMakeFiles/picowota.dir/usr/share/pico-sdk/lib/lwip/src/core/pbuf.c.obj
                0x10003dd8                pbuf_clen
 *fill*         0x10003dea        0x2 
 .text.pbuf_ref
                0x10003dec       0x28 CMakeFiles/picowota.dir/usr/share/pico-sdk/lib/lwip/src/core/pbuf.c.obj
                0x10003dec                pbuf_ref
 .text.pbuf_cat
                0x10003e14       0x40 CMakeFiles/picowota.dir/usr/share/pico-sdk/lib/lwip/src/core/pbuf.c.obj
                0x10003e14                pbuf_cat
 .text.pbuf_chain
                0x10003e54       0x10 CMakeFiles/picowota.dir/usr/share/pico-sdk/lib/lwip/src/core/pbuf.c.obj
                0x10003e54                pbuf_chain
 .text.pbuf_copy_partial_pbuf
                0x10003e64      0x124 CMakeFiles/picowota.dir/usr/share/pico-sdk/lib/lwip/src/core/pbuf.c.obj
                0x10003e64                pbuf_copy_partial_pbuf
 .text.pbuf_copy
                0x10003f88       0x20 CMakeFiles/picowota.dir/usr/share/pico-sdk/lib/lwip/src/core/pbuf.c.obj
                0x10003f88                pbuf_copy
 .text.pbuf_copy_partial
                0x10003fa8       0x6c CMakeFiles/picowota.dir/usr/share/pico-sdk/lib/lwip/src/core/pbuf.c.obj
                0x10003fa8                pbuf_copy_partial
 .text.pbuf_take
                0x10004014       0x7c CMakeFiles/picowota.dir/usr/share/pico-sdk/lib/lwip/src/core/pbuf.c.obj
                0x10004014                pbuf_take
 .text.pbuf_take_at
                0x10004090       0x60 CMakeFiles/picowota.dir/usr/share/pico-sdk/lib/lwip/src/core/pbuf.c.obj
                0x10004090                pbuf_take_at
 .text.pbuf_clone
                0x100040f0       0x2c CMakeFiles/picowota.dir/usr/share/pico-sdk/lib/lwip/src/core/pbuf.c.obj
                0x100040f0                pbuf_clone
 .text.pbuf_put_at
                0x1000411c       0x20 CMakeFiles/picowota.dir/usr/share/pico-sdk/lib/lwip/src/core/pbuf.c.obj
                0x1000411c                pbuf_put_at
 .text.raw_input
                0x1000413c       0xc4 CMakeFiles/picowota.dir/usr/share/pico-sdk/lib/lwip/src/core/raw.c.obj
                0x1000413c                raw_input
 .text.raw_netif_ip_addr_changed
                0x10004200       0x34 CMakeFiles/picowota.dir/usr/share/pico-sdk/lib/lwip/src/core/raw.c.obj
                0x10004200                raw_netif_ip_addr_changed
 .text.stats_init
                0x10004234        0x2 CMakeFiles/picowota.dir/usr/share/pico-sdk/lib/lwip/src/core/stats.c.obj
                0x10004234                stats_init
 *fill*         0x10004236        0x2 
 .text.tcp_new_port
                0x10004238       0x58 CMakeFiles/picowota.dir/usr/share/pico-sdk/lib/lwip/src/core/tcp.c.obj
 .text.tcp_close_shutdown_fin
                0x10004290       0x50 CMakeFiles/picowota.dir/usr/share/pico-sdk/lib/lwip/src/core/tcp.c.obj
 .text.tcp_init
                0x100042e0       0x1c CMakeFiles/picowota.dir/usr/share/pico-sdk/lib/lwip/src/core/tcp.c.obj
                0x100042e0                tcp_init
 .text.tcp_free
                0x100042fc       0x1c CMakeFiles/picowota.dir/usr/share/pico-sdk/lib/lwip/src/core/tcp.c.obj
                0x100042fc                tcp_free
 .text.tcp_bind
                0x10004318       0x98 CMakeFiles/picowota.dir/usr/share/pico-sdk/lib/lwip/src/core/tcp.c.obj
                0x10004318                tcp_bind
 .text.tcp_listen_with_backlog_and_err
                0x100043b0       0xbc CMakeFiles/picowota.dir/usr/share/pico-sdk/lib/lwip/src/core/tcp.c.obj
                0x100043b0                tcp_listen_with_backlog_and_err
 .text.tcp_update_rcv_ann_wnd
                0x1000446c       0x50 CMakeFiles/picowota.dir/usr/share/pico-sdk/lib/lwip/src/core/tcp.c.obj
                0x1000446c                tcp_update_rcv_ann_wnd
 .text.tcp_recved
                0x100044bc       0x5c CMakeFiles/picowota.dir/usr/share/pico-sdk/lib/lwip/src/core/tcp.c.obj
                0x100044bc                tcp_recved
 .text.tcp_seg_free
                0x10004518       0x1a CMakeFiles/picowota.dir/usr/share/pico-sdk/lib/lwip/src/core/tcp.c.obj
                0x10004518                tcp_seg_free
 .text.tcp_segs_free
                0x10004532       0x12 CMakeFiles/picowota.dir/usr/share/pico-sdk/lib/lwip/src/core/tcp.c.obj
                0x10004532                tcp_segs_free
 .text.tcp_seg_copy
                0x10004544       0x2c CMakeFiles/picowota.dir/usr/share/pico-sdk/lib/lwip/src/core/tcp.c.obj
                0x10004544                tcp_seg_copy
 .text.tcp_arg  0x10004570        0x8 CMakeFiles/picowota.dir/usr/share/pico-sdk/lib/lwip/src/core/tcp.c.obj
                0x10004570                tcp_arg
 .text.tcp_recv
                0x10004578       0x1c CMakeFiles/picowota.dir/usr/share/pico-sdk/lib/lwip/src/core/tcp.c.obj
                0x10004578                tcp_recv
 .text.tcp_sent
                0x10004594       0x1c CMakeFiles/picowota.dir/usr/share/pico-sdk/lib/lwip/src/core/tcp.c.obj
                0x10004594                tcp_sent
 .text.tcp_err  0x100045b0       0x1c CMakeFiles/picowota.dir/usr/share/pico-sdk/lib/lwip/src/core/tcp.c.obj
                0x100045b0                tcp_err
 .text.tcp_accept
                0x100045cc        0xe CMakeFiles/picowota.dir/usr/share/pico-sdk/lib/lwip/src/core/tcp.c.obj
                0x100045cc                tcp_accept
 *fill*         0x100045da        0x2 
 .text.tcp_poll
                0x100045dc       0x2c CMakeFiles/picowota.dir/usr/share/pico-sdk/lib/lwip/src/core/tcp.c.obj
                0x100045dc                tcp_poll
 .text.tcp_next_iss
                0x10004608       0x28 CMakeFiles/picowota.dir/usr/share/pico-sdk/lib/lwip/src/core/tcp.c.obj
                0x10004608                tcp_next_iss
 .text.tcp_eff_send_mss_netif
                0x10004630       0x34 CMakeFiles/picowota.dir/usr/share/pico-sdk/lib/lwip/src/core/tcp.c.obj
                0x10004630                tcp_eff_send_mss_netif
 .text.tcp_free_ooseq
                0x10004664       0x14 CMakeFiles/picowota.dir/usr/share/pico-sdk/lib/lwip/src/core/tcp.c.obj
                0x10004664                tcp_free_ooseq
 .text.tcp_pcb_purge
                0x10004678       0x54 CMakeFiles/picowota.dir/usr/share/pico-sdk/lib/lwip/src/core/tcp.c.obj
                0x10004678                tcp_pcb_purge
 .text.tcp_pcb_remove
                0x100046cc       0x94 CMakeFiles/picowota.dir/usr/share/pico-sdk/lib/lwip/src/core/tcp.c.obj
                0x100046cc                tcp_pcb_remove
 .text.tcp_abandon
                0x10004760       0xf0 CMakeFiles/picowota.dir/usr/share/pico-sdk/lib/lwip/src/core/tcp.c.obj
                0x10004760                tcp_abandon
 .text.tcp_abort
                0x10004850        0xa CMakeFiles/picowota.dir/usr/share/pico-sdk/lib/lwip/src/core/tcp.c.obj
                0x10004850                tcp_abort
 *fill*         0x1000485a        0x2 
 .text.tcp_accept_null
                0x1000485c       0x1c CMakeFiles/picowota.dir/usr/share/pico-sdk/lib/lwip/src/core/tcp.c.obj
 .text.tcp_netif_ip_addr_changed_pcblist
                0x10004878       0x2c CMakeFiles/picowota.dir/usr/share/pico-sdk/lib/lwip/src/core/tcp.c.obj
 .text.tcp_netif_ip_addr_changed
                0x100048a4       0x54 CMakeFiles/picowota.dir/usr/share/pico-sdk/lib/lwip/src/core/tcp.c.obj
                0x100048a4                tcp_netif_ip_addr_changed
 .text.tcp_kill_state
                0x100048f8       0x3c CMakeFiles/picowota.dir/usr/share/pico-sdk/lib/lwip/src/core/tcp.c.obj
 .text.tcp_alloc
                0x10004934      0x14c CMakeFiles/picowota.dir/usr/share/pico-sdk/lib/lwip/src/core/tcp.c.obj
                0x10004934                tcp_alloc
 .text.tcp_new_ip_type
                0x10004a80        0xa CMakeFiles/picowota.dir/usr/share/pico-sdk/lib/lwip/src/core/tcp.c.obj
                0x10004a80                tcp_new_ip_type
 *fill*         0x10004a8a        0x2 
 .text.tcp_close_shutdown
                0x10004a8c      0x144 CMakeFiles/picowota.dir/usr/share/pico-sdk/lib/lwip/src/core/tcp.c.obj
 .text.tcp_close
                0x10004bd0       0x2c CMakeFiles/picowota.dir/usr/share/pico-sdk/lib/lwip/src/core/tcp.c.obj
                0x10004bd0                tcp_close
 .text.tcp_recv_null
                0x10004bfc       0x38 CMakeFiles/picowota.dir/usr/share/pico-sdk/lib/lwip/src/core/tcp.c.obj
                0x10004bfc                tcp_recv_null
 .text.tcp_process_refused_data
                0x10004c34       0x80 CMakeFiles/picowota.dir/usr/share/pico-sdk/lib/lwip/src/core/tcp.c.obj
                0x10004c34                tcp_process_refused_data
 .text.tcp_fasttmr
                0x10004cb4       0x7c CMakeFiles/picowota.dir/usr/share/pico-sdk/lib/lwip/src/core/tcp.c.obj
                0x10004cb4                tcp_fasttmr
 .text.tcp_slowtmr
                0x10004d30      0x3e8 CMakeFiles/picowota.dir/usr/share/pico-sdk/lib/lwip/src/core/tcp.c.obj
                0x10004d30                tcp_slowtmr
 .text.tcp_tmr  0x10005118       0x20 CMakeFiles/picowota.dir/usr/share/pico-sdk/lib/lwip/src/core/tcp.c.obj
                0x10005118                tcp_tmr
 .text.tcp_get_next_optbyte
                0x10005138       0x3c CMakeFiles/picowota.dir/usr/share/pico-sdk/lib/lwip/src/core/tcp_in.c.obj
 .text.tcp_oos_insert_segment
                0x10005174       0xb4 CMakeFiles/picowota.dir/usr/share/pico-sdk/lib/lwip/src/core/tcp_in.c.obj
 .text.tcp_parseopt
                0x10005228       0x88 CMakeFiles/picowota.dir/usr/share/pico-sdk/lib/lwip/src/core/tcp_in.c.obj
 .text.tcp_input_delayed_close
                0x100052b0       0x44 CMakeFiles/picowota.dir/usr/share/pico-sdk/lib/lwip/src/core/tcp_in.c.obj
 .text.tcp_free_acked_segments.isra.0
                0x100052f4       0xac CMakeFiles/picowota.dir/usr/share/pico-sdk/lib/lwip/src/core/tcp_in.c.obj
 .text.tcp_receive
                0x100053a0      0x87c CMakeFiles/picowota.dir/usr/share/pico-sdk/lib/lwip/src/core/tcp_in.c.obj
 .text.tcp_input
                0x10005c1c      0xbcc CMakeFiles/picowota.dir/usr/share/pico-sdk/lib/lwip/src/core/tcp_in.c.obj
                0x10005c1c                tcp_input
 .text.tcp_trigger_input_pcb_close
                0x100067e8       0x10 CMakeFiles/picowota.dir/usr/share/pico-sdk/lib/lwip/src/core/tcp_in.c.obj
                0x100067e8                tcp_trigger_input_pcb_close
 .text.tcp_output_segment_busy
                0x100067f8       0x1c CMakeFiles/picowota.dir/usr/share/pico-sdk/lib/lwip/src/core/tcp_out.c.obj
 .text.tcp_create_segment
                0x10006814       0xe0 CMakeFiles/picowota.dir/usr/share/pico-sdk/lib/lwip/src/core/tcp_out.c.obj
 .text.tcp_output_control_segment_netif
                0x100068f4       0x6c CMakeFiles/picowota.dir/usr/share/pico-sdk/lib/lwip/src/core/tcp_out.c.obj
 .text.tcp_output_alloc_header_common.constprop.0
                0x10006960       0xa8 CMakeFiles/picowota.dir/usr/share/pico-sdk/lib/lwip/src/core/tcp_out.c.obj
 .text.tcp_output_alloc_header.constprop.0
                0x10006a08       0x34 CMakeFiles/picowota.dir/usr/share/pico-sdk/lib/lwip/src/core/tcp_out.c.obj
 .text.tcp_output_fill_options.constprop.0
                0x10006a3c       0x14 CMakeFiles/picowota.dir/usr/share/pico-sdk/lib/lwip/src/core/tcp_out.c.obj
 .text.tcp_rst_common.isra.0
                0x10006a50       0x54 CMakeFiles/picowota.dir/usr/share/pico-sdk/lib/lwip/src/core/tcp_out.c.obj
 .text.tcp_output_control_segment
                0x10006aa4       0x50 CMakeFiles/picowota.dir/usr/share/pico-sdk/lib/lwip/src/core/tcp_out.c.obj
 .text.tcp_write
                0x10006af4      0x334 CMakeFiles/picowota.dir/usr/share/pico-sdk/lib/lwip/src/core/tcp_out.c.obj
                0x10006af4                tcp_write
 .text.tcp_split_unsent_seg
                0x10006e28      0x188 CMakeFiles/picowota.dir/usr/share/pico-sdk/lib/lwip/src/core/tcp_out.c.obj
                0x10006e28                tcp_split_unsent_seg
 .text.tcp_enqueue_flags
                0x10006fb0       0xf0 CMakeFiles/picowota.dir/usr/share/pico-sdk/lib/lwip/src/core/tcp_out.c.obj
                0x10006fb0                tcp_enqueue_flags
 .text.tcp_send_fin
                0x100070a0       0x64 CMakeFiles/picowota.dir/usr/share/pico-sdk/lib/lwip/src/core/tcp_out.c.obj
                0x100070a0                tcp_send_fin
 .text.tcp_rexmit_rto_prepare
                0x10007104       0x9c CMakeFiles/picowota.dir/usr/share/pico-sdk/lib/lwip/src/core/tcp_out.c.obj
                0x10007104                tcp_rexmit_rto_prepare
 .text.tcp_rexmit
                0x100071a0       0x98 CMakeFiles/picowota.dir/usr/share/pico-sdk/lib/lwip/src/core/tcp_out.c.obj
                0x100071a0                tcp_rexmit
 .text.tcp_rexmit_fast
                0x10007238       0x64 CMakeFiles/picowota.dir/usr/share/pico-sdk/lib/lwip/src/core/tcp_out.c.obj
                0x10007238                tcp_rexmit_fast
 .text.tcp_rst  0x1000729c       0x30 CMakeFiles/picowota.dir/usr/share/pico-sdk/lib/lwip/src/core/tcp_out.c.obj
                0x1000729c                tcp_rst
 .text.tcp_rst_netif
                0x100072cc       0x36 CMakeFiles/picowota.dir/usr/share/pico-sdk/lib/lwip/src/core/tcp_out.c.obj
                0x100072cc                tcp_rst_netif
 *fill*         0x10007302        0x2 
 .text.tcp_send_empty_ack
                0x10007304       0x54 CMakeFiles/picowota.dir/usr/share/pico-sdk/lib/lwip/src/core/tcp_out.c.obj
                0x10007304                tcp_send_empty_ack
 .text.tcp_output
                0x10007358      0x3f8 CMakeFiles/picowota.dir/usr/share/pico-sdk/lib/lwip/src/core/tcp_out.c.obj
                0x10007358                tcp_output
 .text.tcp_rexmit_rto_commit
                0x10007750       0x24 CMakeFiles/picowota.dir/usr/share/pico-sdk/lib/lwip/src/core/tcp_out.c.obj
                0x10007750                tcp_rexmit_rto_commit
 .text.tcp_rexmit_rto
                0x10007774       0x20 CMakeFiles/picowota.dir/usr/share/pico-sdk/lib/lwip/src/core/tcp_out.c.obj
                0x10007774                tcp_rexmit_rto
 .text.tcp_keepalive
                0x10007794       0x40 CMakeFiles/picowota.dir/usr/share/pico-sdk/lib/lwip/src/core/tcp_out.c.obj
                0x10007794                tcp_keepalive
 .text.tcp_zero_window_probe
                0x100077d4       0xe0 CMakeFiles/picowota.dir/usr/share/pico-sdk/lib/lwip/src/core/tcp_out.c.obj
                0x100077d4                tcp_zero_window_probe
 .text.sys_timeout_abs
                0x100078b4       0x54 CMakeFiles/picowota.dir/usr/share/pico-sdk/lib/lwip/src/core/timeouts.c.obj
 .text.lwip_cyclic_timer
                0x10007908       0x30 CMakeFiles/picowota.dir/usr/share/pico-sdk/lib/lwip/src/core/timeouts.c.obj
 .text.sys_timeout
                0x10007938       0x2c CMakeFiles/picowota.dir/usr/share/pico-sdk/lib/lwip/src/core/timeouts.c.obj
                0x10007938                sys_timeout
 .text.tcp_timer_needed
                0x10007964       0x3c CMakeFiles/picowota.dir/usr/share/pico-sdk/lib/lwip/src/core/timeouts.c.obj
                0x10007964                tcp_timer_needed
 .text.tcpip_tcp_timer
                0x100079a0       0x38 CMakeFiles/picowota.dir/usr/share/pico-sdk/lib/lwip/src/core/timeouts.c.obj
 .text.sys_timeouts_init
                0x100079d8       0x24 CMakeFiles/picowota.dir/usr/share/pico-sdk/lib/lwip/src/core/timeouts.c.obj
                0x100079d8                sys_timeouts_init
 .text.sys_check_timeouts
                0x100079fc       0x4c CMakeFiles/picowota.dir/usr/share/pico-sdk/lib/lwip/src/core/timeouts.c.obj
                0x100079fc                sys_check_timeouts
 .text.sys_timeouts_sleeptime
                0x10007a48       0x28 CMakeFiles/picowota.dir/usr/share/pico-sdk/lib/lwip/src/core/timeouts.c.obj
                0x10007a48                sys_timeouts_sleeptime
 .text.udp_init
                0x10007a70       0x1c CMakeFiles/picowota.dir/usr/share/pico-sdk/lib/lwip/src/core/udp.c.obj
                0x10007a70                udp_init
 .text.udp_input
                0x10007a8c      0x1ec CMakeFiles/picowota.dir/usr/share/pico-sdk/lib/lwip/src/core/udp.c.obj
                0x10007a8c                udp_input
 .text.udp_bind
                0x10007c78       0xc4 CMakeFiles/picowota.dir/usr/share/pico-sdk/lib/lwip/src/core/udp.c.obj
                0x10007c78                udp_bind
 .text.udp_sendto_if_src
                0x10007d3c      0x134 CMakeFiles/picowota.dir/usr/share/pico-sdk/lib/lwip/src/core/udp.c.obj
                0x10007d3c                udp_sendto_if_src
 .text.udp_sendto_if
                0x10007e70       0x64 CMakeFiles/picowota.dir/usr/share/pico-sdk/lib/lwip/src/core/udp.c.obj
                0x10007e70                udp_sendto_if
 .text.udp_sendto
                0x10007ed4       0x68 CMakeFiles/picowota.dir/usr/share/pico-sdk/lib/lwip/src/core/udp.c.obj
                0x10007ed4                udp_sendto
 .text.udp_connect
                0x10007f3c       0x68 CMakeFiles/picowota.dir/usr/share/pico-sdk/lib/lwip/src/core/udp.c.obj
                0x10007f3c                udp_connect
 .text.udp_recv
                0x10007fa4       0x18 CMakeFiles/picowota.dir/usr/share/pico-sdk/lib/lwip/src/core/udp.c.obj
                0x10007fa4                udp_recv
 .text.udp_remove
                0x10007fbc       0x44 CMakeFiles/picowota.dir/usr/share/pico-sdk/lib/lwip/src/core/udp.c.obj
                0x10007fbc                udp_remove
 .text.udp_new  0x10008000       0x1c CMakeFiles/picowota.dir/usr/share/pico-sdk/lib/lwip/src/core/udp.c.obj
                0x10008000                udp_new
 .text.udp_netif_ip_addr_changed
                0x1000801c       0x34 CMakeFiles/picowota.dir/usr/share/pico-sdk/lib/lwip/src/core/udp.c.obj
                0x1000801c                udp_netif_ip_addr_changed
 .text.dhcp_set_state
                0x10008050       0x10 CMakeFiles/picowota.dir/usr/share/pico-sdk/lib/lwip/src/core/ipv4/dhcp.c.obj
 .text.dhcp_option_short
                0x10008060       0x20 CMakeFiles/picowota.dir/usr/share/pico-sdk/lib/lwip/src/core/ipv4/dhcp.c.obj
 .text.dhcp_option
                0x10008080       0x24 CMakeFiles/picowota.dir/usr/share/pico-sdk/lib/lwip/src/core/ipv4/dhcp.c.obj
 .text.dhcp_option_byte
                0x100080a4       0x18 CMakeFiles/picowota.dir/usr/share/pico-sdk/lib/lwip/src/core/ipv4/dhcp.c.obj
 .text.dhcp_option_long
                0x100080bc       0x30 CMakeFiles/picowota.dir/usr/share/pico-sdk/lib/lwip/src/core/ipv4/dhcp.c.obj
 .text.dhcp_option_trailer
                0x100080ec       0x46 CMakeFiles/picowota.dir/usr/share/pico-sdk/lib/lwip/src/core/ipv4/dhcp.c.obj
 *fill*         0x10008132        0x2 
 .text.dhcp_inc_pcb_refcount
                0x10008134       0x6c CMakeFiles/picowota.dir/usr/share/pico-sdk/lib/lwip/src/core/ipv4/dhcp.c.obj
 .text.dhcp_bind
                0x100081a0       0xec CMakeFiles/picowota.dir/usr/share/pico-sdk/lib/lwip/src/core/ipv4/dhcp.c.obj
 .text.dhcp_dec_pcb_refcount
                0x1000828c       0x34 CMakeFiles/picowota.dir/usr/share/pico-sdk/lib/lwip/src/core/ipv4/dhcp.c.obj
 .text.dhcp_option_hostname.isra.0
                0x100082c0       0x50 CMakeFiles/picowota.dir/usr/share/pico-sdk/lib/lwip/src/core/ipv4/dhcp.c.obj
 .text.dhcp_handle_ack.isra.0
                0x10008310       0xc0 CMakeFiles/picowota.dir/usr/share/pico-sdk/lib/lwip/src/core/ipv4/dhcp.c.obj
 .text.dhcp_create_msg
                0x100083d0      0x10c CMakeFiles/picowota.dir/usr/share/pico-sdk/lib/lwip/src/core/ipv4/dhcp.c.obj
 .text.dhcp_discover
                0x100084dc       0xd8 CMakeFiles/picowota.dir/usr/share/pico-sdk/lib/lwip/src/core/ipv4/dhcp.c.obj
 .text.dhcp_reboot.isra.0
                0x100085b4       0xf4 CMakeFiles/picowota.dir/usr/share/pico-sdk/lib/lwip/src/core/ipv4/dhcp.c.obj
 .text.dhcp_select.isra.0
                0x100086a8      0x12c CMakeFiles/picowota.dir/usr/share/pico-sdk/lib/lwip/src/core/ipv4/dhcp.c.obj
 .text.dhcp_recv
                0x100087d4      0x380 CMakeFiles/picowota.dir/usr/share/pico-sdk/lib/lwip/src/core/ipv4/dhcp.c.obj
 .text.dhcp_set_struct
                0x10008b54       0x3c CMakeFiles/picowota.dir/usr/share/pico-sdk/lib/lwip/src/core/ipv4/dhcp.c.obj
                0x10008b54                dhcp_set_struct
 .text.dhcp_network_changed_link_up
                0x10008b90       0x3c CMakeFiles/picowota.dir/usr/share/pico-sdk/lib/lwip/src/core/ipv4/dhcp.c.obj
                0x10008b90                dhcp_network_changed_link_up
 .text.dhcp_renew
                0x10008bcc       0xdc CMakeFiles/picowota.dir/usr/share/pico-sdk/lib/lwip/src/core/ipv4/dhcp.c.obj
                0x10008bcc                dhcp_renew
 .text.dhcp_supplied_address
                0x10008ca8       0x24 CMakeFiles/picowota.dir/usr/share/pico-sdk/lib/lwip/src/core/ipv4/dhcp.c.obj
                0x10008ca8                dhcp_supplied_address
 .text.dhcp_release_and_stop
                0x10008ccc       0xc4 CMakeFiles/picowota.dir/usr/share/pico-sdk/lib/lwip/src/core/ipv4/dhcp.c.obj
                0x10008ccc                dhcp_release_and_stop
 .text.dhcp_start
                0x10008d90       0x8c CMakeFiles/picowota.dir/usr/share/pico-sdk/lib/lwip/src/core/ipv4/dhcp.c.obj
                0x10008d90                dhcp_start
 .text.dhcp_coarse_tmr
                0x10008e1c      0x180 CMakeFiles/picowota.dir/usr/share/pico-sdk/lib/lwip/src/core/ipv4/dhcp.c.obj
                0x10008e1c                dhcp_coarse_tmr
 .text.dhcp_fine_tmr
                0x10008f9c       0x74 CMakeFiles/picowota.dir/usr/share/pico-sdk/lib/lwip/src/core/ipv4/dhcp.c.obj
                0x10008f9c                dhcp_fine_tmr
 .text.dhcp_stop
                0x10009010        0x8 CMakeFiles/picowota.dir/usr/share/pico-sdk/lib/lwip/src/core/ipv4/dhcp.c.obj
                0x10009010                dhcp_stop
 .text.etharp_free_entry
                0x10009018       0x3c CMakeFiles/picowota.dir/usr/share/pico-sdk/lib/lwip/src/core/ipv4/etharp.c.obj
 .text.etharp_find_entry
                0x10009054      0x100 CMakeFiles/picowota.dir/usr/share/pico-sdk/lib/lwip/src/core/ipv4/etharp.c.obj
 .text.etharp_raw
                0x10009154       0xd8 CMakeFiles/picowota.dir/usr/share/pico-sdk/lib/lwip/src/core/ipv4/etharp.c.obj
 .text.etharp_cleanup_netif
                0x1000922c       0x28 CMakeFiles/picowota.dir/usr/share/pico-sdk/lib/lwip/src/core/ipv4/etharp.c.obj
                0x1000922c                etharp_cleanup_netif
 .text.etharp_input
                0x10009254      0x18c CMakeFiles/picowota.dir/usr/share/pico-sdk/lib/lwip/src/core/ipv4/etharp.c.obj
                0x10009254                etharp_input
 .text.etharp_request
                0x100093e0       0x28 CMakeFiles/picowota.dir/usr/share/pico-sdk/lib/lwip/src/core/ipv4/etharp.c.obj
                0x100093e0                etharp_request
 .text.etharp_tmr
                0x10009408       0x54 CMakeFiles/picowota.dir/usr/share/pico-sdk/lib/lwip/src/core/ipv4/etharp.c.obj
                0x10009408                etharp_tmr
 .text.etharp_output_to_arp_index
                0x1000945c       0x90 CMakeFiles/picowota.dir/usr/share/pico-sdk/lib/lwip/src/core/ipv4/etharp.c.obj
 .text.etharp_query
                0x100094ec      0x140 CMakeFiles/picowota.dir/usr/share/pico-sdk/lib/lwip/src/core/ipv4/etharp.c.obj
                0x100094ec                etharp_query
 .text.etharp_output
                0x1000962c      0x114 CMakeFiles/picowota.dir/usr/share/pico-sdk/lib/lwip/src/core/ipv4/etharp.c.obj
                0x1000962c                etharp_output
 .text.icmp_send_response
                0x10009740       0xbc CMakeFiles/picowota.dir/usr/share/pico-sdk/lib/lwip/src/core/ipv4/icmp.c.obj
 .text.icmp_input
                0x100097fc      0x1c8 CMakeFiles/picowota.dir/usr/share/pico-sdk/lib/lwip/src/core/ipv4/icmp.c.obj
                0x100097fc                icmp_input
 .text.icmp_dest_unreach
                0x100099c4        0xc CMakeFiles/picowota.dir/usr/share/pico-sdk/lib/lwip/src/core/ipv4/icmp.c.obj
                0x100099c4                icmp_dest_unreach
 .text.icmp_time_exceeded
                0x100099d0        0xc CMakeFiles/picowota.dir/usr/share/pico-sdk/lib/lwip/src/core/ipv4/icmp.c.obj
                0x100099d0                icmp_time_exceeded
 .text.ip_reass_dequeue_datagram
                0x100099dc       0x30 CMakeFiles/picowota.dir/usr/share/pico-sdk/lib/lwip/src/core/ipv4/ip4_frag.c.obj
 .text.ip_reass_free_complete_datagram
                0x10009a0c       0xd0 CMakeFiles/picowota.dir/usr/share/pico-sdk/lib/lwip/src/core/ipv4/ip4_frag.c.obj
 .text.ip_reass_remove_oldest_datagram
                0x10009adc       0xa8 CMakeFiles/picowota.dir/usr/share/pico-sdk/lib/lwip/src/core/ipv4/ip4_frag.c.obj
 .text.ip_reass_tmr
                0x10009b84       0x30 CMakeFiles/picowota.dir/usr/share/pico-sdk/lib/lwip/src/core/ipv4/ip4_frag.c.obj
                0x10009b84                ip_reass_tmr
 .text.ip4_reass
                0x10009bb4      0x470 CMakeFiles/picowota.dir/usr/share/pico-sdk/lib/lwip/src/core/ipv4/ip4_frag.c.obj
                0x10009bb4                ip4_reass
 .text.ip4_frag
                0x1000a024      0x168 CMakeFiles/picowota.dir/usr/share/pico-sdk/lib/lwip/src/core/ipv4/ip4_frag.c.obj
                0x1000a024                ip4_frag
 .text.ip4_input_accept
                0x1000a18c       0x34 CMakeFiles/picowota.dir/usr/share/pico-sdk/lib/lwip/src/core/ipv4/ip4.c.obj
 .text.ip4_route
                0x1000a1c0       0x7c CMakeFiles/picowota.dir/usr/share/pico-sdk/lib/lwip/src/core/ipv4/ip4.c.obj
                0x1000a1c0                ip4_route
 .text.ip4_input
                0x1000a23c      0x244 CMakeFiles/picowota.dir/usr/share/pico-sdk/lib/lwip/src/core/ipv4/ip4.c.obj
                0x1000a23c                ip4_input
 .text.ip4_output_if_src
                0x1000a480      0x160 CMakeFiles/picowota.dir/usr/share/pico-sdk/lib/lwip/src/core/ipv4/ip4.c.obj
                0x1000a480                ip4_output_if_src
 .text.ip4_output_if
                0x1000a5e0       0x2c CMakeFiles/picowota.dir/usr/share/pico-sdk/lib/lwip/src/core/ipv4/ip4.c.obj
                0x1000a5e0                ip4_output_if
 .text.ip4_addr_isbroadcast_u32
                0x1000a60c       0x3a CMakeFiles/picowota.dir/usr/share/pico-sdk/lib/lwip/src/core/ipv4/ip4_addr.c.obj
                0x1000a60c                ip4_addr_isbroadcast_u32
 *fill*         0x1000a646        0x2 
 .text.ethernet_input
                0x1000a648       0xcc CMakeFiles/picowota.dir/usr/share/pico-sdk/lib/lwip/src/netif/ethernet.c.obj
                0x1000a648                ethernet_input
 .text.ethernet_output
                0x1000a714       0x60 CMakeFiles/picowota.dir/usr/share/pico-sdk/lib/lwip/src/netif/ethernet.c.obj
                0x1000a714                ethernet_output
 .text.make_timeout_time_ms
                0x1000a774       0x58 CMakeFiles/picowota.dir/usr/share/pico-sdk/src/rp2_common/pico_cyw43_arch/cyw43_arch.c.obj
 .text.cyw43_arch_set_async_context
                0x1000a7cc        0xc CMakeFiles/picowota.dir/usr/share/pico-sdk/src/rp2_common/pico_cyw43_arch/cyw43_arch.c.obj
                0x1000a7cc                cyw43_arch_set_async_context
 .text.cyw43_arch_enable_sta_mode
                0x1000a7d8       0x40 CMakeFiles/picowota.dir/usr/share/pico-sdk/src/rp2_common/pico_cyw43_arch/cyw43_arch.c.obj
                0x1000a7d8                cyw43_arch_enable_sta_mode
 .text.cyw43_arch_wifi_connect_bssid_async
                0x1000a818       0x44 CMakeFiles/picowota.dir/usr/share/pico-sdk/src/rp2_common/pico_cyw43_arch/cyw43_arch.c.obj
                0x1000a818                cyw43_arch_wifi_connect_bssid_async
 .text.cyw43_arch_gpio_put
                0x1000a85c       0x14 CMakeFiles/picowota.dir/usr/share/pico-sdk/src/rp2_common/pico_cyw43_arch/cyw43_arch.c.obj
                0x1000a85c                cyw43_arch_gpio_put
 .text.cyw43_arch_async_context
                0x1000a870        0xc CMakeFiles/picowota.dir/usr/share/pico-sdk/src/rp2_common/pico_cyw43_arch/cyw43_arch.c.obj
                0x1000a870                cyw43_arch_async_context
 .text.cyw43_arch_poll
                0x1000a87c       0x18 CMakeFiles/picowota.dir/usr/share/pico-sdk/src/rp2_common/pico_cyw43_arch/cyw43_arch.c.obj
                0x1000a87c                cyw43_arch_poll
 .text.cyw43_arch_wait_for_work_until
                0x1000a894       0x18 CMakeFiles/picowota.dir/usr/share/pico-sdk/src/rp2_common/pico_cyw43_arch/cyw43_arch.c.obj
                0x1000a894                cyw43_arch_wait_for_work_until
 .text.cyw43_arch_wifi_connect_bssid_until
                0x1000a8ac       0xd0 CMakeFiles/picowota.dir/usr/share/pico-sdk/src/rp2_common/pico_cyw43_arch/cyw43_arch.c.obj
 .text.cyw43_arch_wifi_connect_timeout_ms
                0x1000a97c       0x28 CMakeFiles/picowota.dir/usr/share/pico-sdk/src/rp2_common/pico_cyw43_arch/cyw43_arch.c.obj
                0x1000a97c                cyw43_arch_wifi_connect_timeout_ms
 .text.cyw43_arch_init_default_async_context
                0x1000a9a4       0x18 CMakeFiles/picowota.dir/usr/share/pico-sdk/src/rp2_common/pico_cyw43_arch/cyw43_arch_poll.c.obj
                0x1000a9a4                cyw43_arch_init_default_async_context
 .text.cyw43_arch_deinit
                0x1000a9bc       0x2c CMakeFiles/picowota.dir/usr/share/pico-sdk/src/rp2_common/pico_cyw43_arch/cyw43_arch_poll.c.obj
                0x1000a9bc                cyw43_arch_deinit
 .text.cyw43_arch_init
                0x1000a9e8       0x3a CMakeFiles/picowota.dir/usr/share/pico-sdk/src/rp2_common/pico_cyw43_arch/cyw43_arch_poll.c.obj
                0x1000a9e8                cyw43_arch_init
 *fill*         0x1000aa22        0x2 
 .text.dma_channel_abort
                0x1000aa24       0x20 CMakeFiles/picowota.dir/usr/share/pico-sdk/src/rp2_common/pico_cyw43_driver/cyw43_bus_pio_spi.c.obj
 .text.channel_config_set_dreq
                0x1000aa44       0x30 CMakeFiles/picowota.dir/usr/share/pico-sdk/src/rp2_common/pico_cyw43_driver/cyw43_bus_pio_spi.c.obj
 .text.ns_delay.constprop.0
                0x1000aa74       0x20 CMakeFiles/picowota.dir/usr/share/pico-sdk/src/rp2_common/pico_cyw43_driver/cyw43_bus_pio_spi.c.obj
 .text.dma_channel_get_default_config
                0x1000aa94       0x2c CMakeFiles/picowota.dir/usr/share/pico-sdk/src/rp2_common/pico_cyw43_driver/cyw43_bus_pio_spi.c.obj
 .text.cyw43_spi_deinit
                0x1000aac0       0x5c CMakeFiles/picowota.dir/usr/share/pico-sdk/src/rp2_common/pico_cyw43_driver/cyw43_bus_pio_spi.c.obj
                0x1000aac0                cyw43_spi_deinit
 .text.cyw43_spi_init
                0x1000ab1c      0x168 CMakeFiles/picowota.dir/usr/share/pico-sdk/src/rp2_common/pico_cyw43_driver/cyw43_bus_pio_spi.c.obj
                0x1000ab1c                cyw43_spi_init
 .text.cyw43_spi_transfer
                0x1000ac84      0x3dc CMakeFiles/picowota.dir/usr/share/pico-sdk/src/rp2_common/pico_cyw43_driver/cyw43_bus_pio_spi.c.obj
                0x1000ac84                cyw43_spi_transfer
 .text._cyw43_read_reg
                0x1000b060       0x44 CMakeFiles/picowota.dir/usr/share/pico-sdk/src/rp2_common/pico_cyw43_driver/cyw43_bus_pio_spi.c.obj
 .text._cyw43_write_reg
                0x1000b0a4       0x54 CMakeFiles/picowota.dir/usr/share/pico-sdk/src/rp2_common/pico_cyw43_driver/cyw43_bus_pio_spi.c.obj
 .text.cyw43_spi_gpio_setup
                0x1000b0f8       0x3a CMakeFiles/picowota.dir/usr/share/pico-sdk/src/rp2_common/pico_cyw43_driver/cyw43_bus_pio_spi.c.obj
                0x1000b0f8                cyw43_spi_gpio_setup
 .text.cyw43_spi_reset
                0x1000b132       0x28 CMakeFiles/picowota.dir/usr/share/pico-sdk/src/rp2_common/pico_cyw43_driver/cyw43_bus_pio_spi.c.obj
                0x1000b132                cyw43_spi_reset
 *fill*         0x1000b15a        0x2 
 .text.read_reg_u32_swap
                0x1000b15c       0x68 CMakeFiles/picowota.dir/usr/share/pico-sdk/src/rp2_common/pico_cyw43_driver/cyw43_bus_pio_spi.c.obj
                0x1000b15c                read_reg_u32_swap
 .text.cyw43_read_reg_u32
                0x1000b1c4        0xa CMakeFiles/picowota.dir/usr/share/pico-sdk/src/rp2_common/pico_cyw43_driver/cyw43_bus_pio_spi.c.obj
                0x1000b1c4                cyw43_read_reg_u32
 .text.cyw43_read_reg_u16
                0x1000b1ce        0xa CMakeFiles/picowota.dir/usr/share/pico-sdk/src/rp2_common/pico_cyw43_driver/cyw43_bus_pio_spi.c.obj
                0x1000b1ce                cyw43_read_reg_u16
 .text.cyw43_read_reg_u8
                0x1000b1d8        0xa CMakeFiles/picowota.dir/usr/share/pico-sdk/src/rp2_common/pico_cyw43_driver/cyw43_bus_pio_spi.c.obj
                0x1000b1d8                cyw43_read_reg_u8
 *fill*         0x1000b1e2        0x2 
 .text.write_reg_u32_swap
                0x1000b1e4       0x30 CMakeFiles/picowota.dir/usr/share/pico-sdk/src/rp2_common/pico_cyw43_driver/cyw43_bus_pio_spi.c.obj
                0x1000b1e4                write_reg_u32_swap
 .text.cyw43_write_reg_u32
                0x1000b214        0xc CMakeFiles/picowota.dir/usr/share/pico-sdk/src/rp2_common/pico_cyw43_driver/cyw43_bus_pio_spi.c.obj
                0x1000b214                cyw43_write_reg_u32
 .text.cyw43_write_reg_u16
                0x1000b220        0xc CMakeFiles/picowota.dir/usr/share/pico-sdk/src/rp2_common/pico_cyw43_driver/cyw43_bus_pio_spi.c.obj
                0x1000b220                cyw43_write_reg_u16
 .text.cyw43_write_reg_u8
                0x1000b22c        0xc CMakeFiles/picowota.dir/usr/share/pico-sdk/src/rp2_common/pico_cyw43_driver/cyw43_bus_pio_spi.c.obj
                0x1000b22c                cyw43_write_reg_u8
 .text.cyw43_read_bytes
                0x1000b238       0xe4 CMakeFiles/picowota.dir/usr/share/pico-sdk/src/rp2_common/pico_cyw43_driver/cyw43_bus_pio_spi.c.obj
                0x1000b238                cyw43_read_bytes
 .text.cyw43_write_bytes
                0x1000b31c      0x110 CMakeFiles/picowota.dir/usr/share/pico-sdk/src/rp2_common/pico_cyw43_driver/cyw43_bus_pio_spi.c.obj
                0x1000b31c                cyw43_write_bytes
 .text.cyw43_get_le32
                0x1000b42c       0x16 CMakeFiles/picowota.dir/usr/share/pico-sdk/lib/cyw43-driver/src/cyw43_ll.c.obj
 .text.cyw43_put_le32
                0x1000b442       0x10 CMakeFiles/picowota.dir/usr/share/pico-sdk/lib/cyw43-driver/src/cyw43_ll.c.obj
 .text.cyw43_be32toh
                0x1000b452        0x4 CMakeFiles/picowota.dir/usr/share/pico-sdk/lib/cyw43-driver/src/cyw43_ll.c.obj
 *fill*         0x1000b456        0x2 
 .text.cyw43_set_backplane_window
                0x1000b458       0x64 CMakeFiles/picowota.dir/usr/share/pico-sdk/lib/cyw43-driver/src/cyw43_ll.c.obj
 .text.cyw43_ll_parse_async_event
                0x1000b4bc       0xe8 CMakeFiles/picowota.dir/usr/share/pico-sdk/lib/cyw43-driver/src/cyw43_ll.c.obj
 .text.cyw43_kso_set
                0x1000b5a4       0x70 CMakeFiles/picowota.dir/usr/share/pico-sdk/lib/cyw43-driver/src/cyw43_ll.c.obj
 .text.cyw43_read_backplane.constprop.0
                0x1000b614       0x26 CMakeFiles/picowota.dir/usr/share/pico-sdk/lib/cyw43-driver/src/cyw43_ll.c.obj
 .text.cyw43_write_backplane
                0x1000b63a       0x3e CMakeFiles/picowota.dir/usr/share/pico-sdk/lib/cyw43-driver/src/cyw43_ll.c.obj
 .text.cyw43_download_resource.constprop.0.isra.0
                0x1000b678       0xe8 CMakeFiles/picowota.dir/usr/share/pico-sdk/lib/cyw43-driver/src/cyw43_ll.c.obj
 .text.disable_device_core.constprop.0.isra.0
                0x1000b760       0x34 CMakeFiles/picowota.dir/usr/share/pico-sdk/lib/cyw43-driver/src/cyw43_ll.c.obj
 .text.reset_device_core.constprop.0
                0x1000b794       0x68 CMakeFiles/picowota.dir/usr/share/pico-sdk/lib/cyw43-driver/src/cyw43_ll.c.obj
 .text.cyw43_ll_init
                0x1000b7fc       0x18 CMakeFiles/picowota.dir/usr/share/pico-sdk/lib/cyw43-driver/src/cyw43_ll.c.obj
                0x1000b7fc                cyw43_ll_init
 .text.cyw43_ll_deinit
                0x1000b814        0x8 CMakeFiles/picowota.dir/usr/share/pico-sdk/lib/cyw43-driver/src/cyw43_ll.c.obj
                0x1000b814                cyw43_ll_deinit
 .text.cyw43_ll_bus_sleep
                0x1000b81c       0x30 CMakeFiles/picowota.dir/usr/share/pico-sdk/lib/cyw43-driver/src/cyw43_ll.c.obj
                0x1000b81c                cyw43_ll_bus_sleep
 .text.cyw43_ll_sdpcm_poll_device
                0x1000b84c      0x27c CMakeFiles/picowota.dir/usr/share/pico-sdk/lib/cyw43-driver/src/cyw43_ll.c.obj
 .text.cyw43_ll_process_packets
                0x1000bac8       0x54 CMakeFiles/picowota.dir/usr/share/pico-sdk/lib/cyw43-driver/src/cyw43_ll.c.obj
                0x1000bac8                cyw43_ll_process_packets
 .text.cyw43_sdpcm_send_common
                0x1000bb1c      0x148 CMakeFiles/picowota.dir/usr/share/pico-sdk/lib/cyw43-driver/src/cyw43_ll.c.obj
 .text.cyw43_ll_send_ethernet
                0x1000bc64       0x58 CMakeFiles/picowota.dir/usr/share/pico-sdk/lib/cyw43-driver/src/cyw43_ll.c.obj
                0x1000bc64                cyw43_ll_send_ethernet
 .text.cyw43_do_ioctl
                0x1000bcbc       0xec CMakeFiles/picowota.dir/usr/share/pico-sdk/lib/cyw43-driver/src/cyw43_ll.c.obj
 .text.cyw43_ll_ioctl
                0x1000bda8       0x1a CMakeFiles/picowota.dir/usr/share/pico-sdk/lib/cyw43-driver/src/cyw43_ll.c.obj
                0x1000bda8                cyw43_ll_ioctl
 .text.cyw43_write_iovar_u32
                0x1000bdc2       0x44 CMakeFiles/picowota.dir/usr/share/pico-sdk/lib/cyw43-driver/src/cyw43_ll.c.obj
 .text.cyw43_set_ioctl_u32
                0x1000be06       0x26 CMakeFiles/picowota.dir/usr/share/pico-sdk/lib/cyw43-driver/src/cyw43_ll.c.obj
 .text.cyw43_write_iovar_n.constprop.0
                0x1000be2c       0x44 CMakeFiles/picowota.dir/usr/share/pico-sdk/lib/cyw43-driver/src/cyw43_ll.c.obj
 .text.cyw43_write_iovar_u32_u32.constprop.0
                0x1000be70       0x50 CMakeFiles/picowota.dir/usr/share/pico-sdk/lib/cyw43-driver/src/cyw43_ll.c.obj
 .text.cyw43_ll_wifi_on
                0x1000bec0      0x180 CMakeFiles/picowota.dir/usr/share/pico-sdk/lib/cyw43-driver/src/cyw43_ll.c.obj
                0x1000bec0                cyw43_ll_wifi_on
 .text.cyw43_ll_wifi_get_mac
                0x1000c040       0x3c CMakeFiles/picowota.dir/usr/share/pico-sdk/lib/cyw43-driver/src/cyw43_ll.c.obj
                0x1000c040                cyw43_ll_wifi_get_mac
 .text.cyw43_ll_bus_init
                0x1000c07c      0x3b4 CMakeFiles/picowota.dir/usr/share/pico-sdk/lib/cyw43-driver/src/cyw43_ll.c.obj
                0x1000c07c                cyw43_ll_bus_init
 .text.cyw43_ll_wifi_pm
                0x1000c430       0xb8 CMakeFiles/picowota.dir/usr/share/pico-sdk/lib/cyw43-driver/src/cyw43_ll.c.obj
                0x1000c430                cyw43_ll_wifi_pm
 .text.cyw43_ll_wifi_join
                0x1000c4e8      0x18c CMakeFiles/picowota.dir/usr/share/pico-sdk/lib/cyw43-driver/src/cyw43_ll.c.obj
                0x1000c4e8                cyw43_ll_wifi_join
 .text.cyw43_ll_wifi_set_wpa_auth
                0x1000c674        0xe CMakeFiles/picowota.dir/usr/share/pico-sdk/lib/cyw43-driver/src/cyw43_ll.c.obj
                0x1000c674                cyw43_ll_wifi_set_wpa_auth
 *fill*         0x1000c682        0x2 
 .text.cyw43_ll_wifi_rejoin
                0x1000c684       0x1c CMakeFiles/picowota.dir/usr/share/pico-sdk/lib/cyw43-driver/src/cyw43_ll.c.obj
                0x1000c684                cyw43_ll_wifi_rejoin
 .text.cyw43_ll_wifi_ap_init
                0x1000c6a0      0x154 CMakeFiles/picowota.dir/usr/share/pico-sdk/lib/cyw43-driver/src/cyw43_ll.c.obj
                0x1000c6a0                cyw43_ll_wifi_ap_init
 .text.cyw43_ll_wifi_ap_set_up
                0x1000c7f4       0x18 CMakeFiles/picowota.dir/usr/share/pico-sdk/lib/cyw43-driver/src/cyw43_ll.c.obj
                0x1000c7f4                cyw43_ll_wifi_ap_set_up
 .text.cyw43_ll_gpio_set
                0x1000c80c       0x28 CMakeFiles/picowota.dir/usr/share/pico-sdk/lib/cyw43-driver/src/cyw43_ll.c.obj
                0x1000c80c                cyw43_ll_gpio_set
 .text.cyw43_ll_has_work
                0x1000c834       0x12 CMakeFiles/picowota.dir/usr/share/pico-sdk/lib/cyw43-driver/src/cyw43_ll.c.obj
                0x1000c834                cyw43_ll_has_work
 *fill*         0x1000c846        0x2 
 .text.cyw43_netif_init
                0x1000c848       0x3c CMakeFiles/picowota.dir/usr/share/pico-sdk/lib/cyw43-driver/src/cyw43_lwip.c.obj
 .text.cyw43_netif_output
                0x1000c884       0x30 CMakeFiles/picowota.dir/usr/share/pico-sdk/lib/cyw43-driver/src/cyw43_lwip.c.obj
 .text.cyw43_cb_tcpip_init
                0x1000c8b4       0xb8 CMakeFiles/picowota.dir/usr/share/pico-sdk/lib/cyw43-driver/src/cyw43_lwip.c.obj
                0x1000c8b4                cyw43_cb_tcpip_init
 .text.cyw43_cb_tcpip_deinit
                0x1000c96c       0x40 CMakeFiles/picowota.dir/usr/share/pico-sdk/lib/cyw43-driver/src/cyw43_lwip.c.obj
                0x1000c96c                cyw43_cb_tcpip_deinit
 .text.cyw43_cb_process_ethernet
                0x1000c9ac       0x58 CMakeFiles/picowota.dir/usr/share/pico-sdk/lib/cyw43-driver/src/cyw43_lwip.c.obj
                0x1000c9ac                cyw43_cb_process_ethernet
 .text.cyw43_cb_tcpip_set_link_up
                0x1000ca04       0x14 CMakeFiles/picowota.dir/usr/share/pico-sdk/lib/cyw43-driver/src/cyw43_lwip.c.obj
                0x1000ca04                cyw43_cb_tcpip_set_link_up
 .text.cyw43_cb_tcpip_set_link_down
                0x1000ca18       0x14 CMakeFiles/picowota.dir/usr/share/pico-sdk/lib/cyw43-driver/src/cyw43_lwip.c.obj
                0x1000ca18                cyw43_cb_tcpip_set_link_down
 .text.cyw43_tcpip_link_status
                0x1000ca2c       0x30 CMakeFiles/picowota.dir/usr/share/pico-sdk/lib/cyw43-driver/src/cyw43_lwip.c.obj
                0x1000ca2c                cyw43_tcpip_link_status
 .text.cyw43_ensure_up
                0x1000ca5c       0xec CMakeFiles/picowota.dir/usr/share/pico-sdk/lib/cyw43-driver/src/cyw43_ctrl.c.obj
 .text.cyw43_poll_func
                0x1000cb48       0x94 CMakeFiles/picowota.dir/usr/share/pico-sdk/lib/cyw43-driver/src/cyw43_ctrl.c.obj
 .text.cyw43_wifi_ap_set_up
                0x1000cbdc       0x24 CMakeFiles/picowota.dir/usr/share/pico-sdk/lib/cyw43-driver/src/cyw43_ctrl.c.obj
 .text.cyw43_init
                0x1000cc00       0x70 CMakeFiles/picowota.dir/usr/share/pico-sdk/lib/cyw43-driver/src/cyw43_ctrl.c.obj
                0x1000cc00                cyw43_init
 .text.cyw43_deinit
                0x1000cc70       0x38 CMakeFiles/picowota.dir/usr/share/pico-sdk/lib/cyw43-driver/src/cyw43_ctrl.c.obj
                0x1000cc70                cyw43_deinit
 .text.cyw43_cb_read_host_interrupt_pin
                0x1000cca8        0xc CMakeFiles/picowota.dir/usr/share/pico-sdk/lib/cyw43-driver/src/cyw43_ctrl.c.obj
                0x1000cca8                cyw43_cb_read_host_interrupt_pin
 .text.cyw43_cb_ensure_awake
                0x1000ccb4        0xc CMakeFiles/picowota.dir/usr/share/pico-sdk/lib/cyw43-driver/src/cyw43_ctrl.c.obj
                0x1000ccb4                cyw43_cb_ensure_awake
 .text.cyw43_cb_process_async_event
                0x1000ccc0      0x200 CMakeFiles/picowota.dir/usr/share/pico-sdk/lib/cyw43-driver/src/cyw43_ctrl.c.obj
                0x1000ccc0                cyw43_cb_process_async_event
 .text.cyw43_send_ethernet
                0x1000cec0       0x3a CMakeFiles/picowota.dir/usr/share/pico-sdk/lib/cyw43-driver/src/cyw43_ctrl.c.obj
                0x1000cec0                cyw43_send_ethernet
 .text.cyw43_wifi_pm
                0x1000cefa       0x40 CMakeFiles/picowota.dir/usr/share/pico-sdk/lib/cyw43-driver/src/cyw43_ctrl.c.obj
                0x1000cefa                cyw43_wifi_pm
 .text.cyw43_wifi_get_mac
                0x1000cf3a        0xe CMakeFiles/picowota.dir/usr/share/pico-sdk/lib/cyw43-driver/src/cyw43_ctrl.c.obj
                0x1000cf3a                cyw43_wifi_get_mac
 .text.cyw43_wifi_set_up
                0x1000cf48       0xe4 CMakeFiles/picowota.dir/usr/share/pico-sdk/lib/cyw43-driver/src/cyw43_ctrl.c.obj
                0x1000cf48                cyw43_wifi_set_up
 .text.cyw43_wifi_link_status
                0x1000d02c       0x24 CMakeFiles/picowota.dir/usr/share/pico-sdk/lib/cyw43-driver/src/cyw43_ctrl.c.obj
                0x1000d02c                cyw43_wifi_link_status
 .text.cyw43_wifi_join
                0x1000d050       0x74 CMakeFiles/picowota.dir/usr/share/pico-sdk/lib/cyw43-driver/src/cyw43_ctrl.c.obj
                0x1000d050                cyw43_wifi_join
 .text.cyw43_gpio_set
                0x1000d0c4       0x2c CMakeFiles/picowota.dir/usr/share/pico-sdk/lib/cyw43-driver/src/cyw43_ctrl.c.obj
                0x1000d0c4                cyw43_gpio_set
 .text._pio_find_offset_for_program
                0x1000d0f0       0x68 CMakeFiles/picowota.dir/usr/share/pico-sdk/src/rp2_common/hardware_pio/pio.c.obj
 .text._pio_add_program_at_offset
                0x1000d158       0x84 CMakeFiles/picowota.dir/usr/share/pico-sdk/src/rp2_common/hardware_pio/pio.c.obj
 .text.pio_sm_unclaim
                0x1000d1dc       0x20 CMakeFiles/picowota.dir/usr/share/pico-sdk/src/rp2_common/hardware_pio/pio.c.obj
                0x1000d1dc                pio_sm_unclaim
 .text.pio_claim_unused_sm
                0x1000d1fc       0x34 CMakeFiles/picowota.dir/usr/share/pico-sdk/src/rp2_common/hardware_pio/pio.c.obj
                0x1000d1fc                pio_claim_unused_sm
 .text.pio_can_add_program
                0x1000d230       0x26 CMakeFiles/picowota.dir/usr/share/pico-sdk/src/rp2_common/hardware_pio/pio.c.obj
                0x1000d230                pio_can_add_program
 *fill*         0x1000d256        0x2 
 .text.pio_add_program
                0x1000d258       0x38 CMakeFiles/picowota.dir/usr/share/pico-sdk/src/rp2_common/hardware_pio/pio.c.obj
                0x1000d258                pio_add_program
 .text.pio_remove_program
                0x1000d290       0x54 CMakeFiles/picowota.dir/usr/share/pico-sdk/src/rp2_common/hardware_pio/pio.c.obj
                0x1000d290                pio_remove_program
 .text.pio_sm_set_pindirs_with_mask
                0x1000d2e4       0x7c CMakeFiles/picowota.dir/usr/share/pico-sdk/src/rp2_common/hardware_pio/pio.c.obj
                0x1000d2e4                pio_sm_set_pindirs_with_mask
 .text.pio_sm_set_consecutive_pindirs
                0x1000d360       0x94 CMakeFiles/picowota.dir/usr/share/pico-sdk/src/rp2_common/hardware_pio/pio.c.obj
                0x1000d360                pio_sm_set_consecutive_pindirs
 .text.cyw43_set_irq_enabled
                0x1000d3f4        0xe CMakeFiles/picowota.dir/usr/share/pico-sdk/src/rp2_common/pico_cyw43_driver/cyw43_driver.c.obj
 *fill*         0x1000d402        0x2 
 .text.get_absolute_time
                0x1000d404       0x2c CMakeFiles/picowota.dir/usr/share/pico-sdk/src/rp2_common/pico_cyw43_driver/cyw43_driver.c.obj
 .text.cyw43_irq_init
                0x1000d430       0x50 CMakeFiles/picowota.dir/usr/share/pico-sdk/src/rp2_common/pico_cyw43_driver/cyw43_driver.c.obj
                0x1000d430                cyw43_irq_init
 .text.cyw43_irq_deinit
                0x1000d480       0x48 CMakeFiles/picowota.dir/usr/share/pico-sdk/src/rp2_common/pico_cyw43_driver/cyw43_driver.c.obj
                0x1000d480                cyw43_irq_deinit
 .text.async_context_set_work_pending.constprop.0
                0x1000d4c8       0x10 CMakeFiles/picowota.dir/usr/share/pico-sdk/src/rp2_common/pico_cyw43_driver/cyw43_driver.c.obj
 .text.cyw43_sleep_timeout_reached
                0x1000d4d8       0x48 CMakeFiles/picowota.dir/usr/share/pico-sdk/src/rp2_common/pico_cyw43_driver/cyw43_driver.c.obj
 .text.cyw43_gpio_irq_handler
                0x1000d520       0x34 CMakeFiles/picowota.dir/usr/share/pico-sdk/src/rp2_common/pico_cyw43_driver/cyw43_driver.c.obj
 .text.cyw43_do_poll
                0x1000d554       0x9c CMakeFiles/picowota.dir/usr/share/pico-sdk/src/rp2_common/pico_cyw43_driver/cyw43_driver.c.obj
 .text.cyw43_post_poll_hook
                0x1000d5f0       0x38 CMakeFiles/picowota.dir/usr/share/pico-sdk/src/rp2_common/pico_cyw43_driver/cyw43_driver.c.obj
                0x1000d5f0                cyw43_post_poll_hook
 .text.cyw43_schedule_internal_poll_dispatch
                0x1000d628       0x34 CMakeFiles/picowota.dir/usr/share/pico-sdk/src/rp2_common/pico_cyw43_driver/cyw43_driver.c.obj
                0x1000d628                cyw43_schedule_internal_poll_dispatch
 .text.cyw43_driver_init
                0x1000d65c       0x38 CMakeFiles/picowota.dir/usr/share/pico-sdk/src/rp2_common/pico_cyw43_driver/cyw43_driver.c.obj
                0x1000d65c                cyw43_driver_init
 .text.cyw43_driver_deinit
                0x1000d694       0x64 CMakeFiles/picowota.dir/usr/share/pico-sdk/src/rp2_common/pico_cyw43_driver/cyw43_driver.c.obj
                0x1000d694                cyw43_driver_deinit
 .text.cyw43_hal_generate_laa_mac
                0x1000d6f8       0x30 CMakeFiles/picowota.dir/usr/share/pico-sdk/src/rp2_common/pico_cyw43_driver/cyw43_driver.c.obj
                0x1000d6f8                cyw43_hal_generate_laa_mac
 .text.cyw43_hal_get_mac
                0x1000d728       0x14 CMakeFiles/picowota.dir/usr/share/pico-sdk/src/rp2_common/pico_cyw43_driver/cyw43_driver.c.obj
                0x1000d728                cyw43_hal_get_mac
 .text.cyw43_thread_enter
                0x1000d73c       0x14 CMakeFiles/picowota.dir/usr/share/pico-sdk/src/rp2_common/pico_cyw43_driver/cyw43_driver.c.obj
                0x1000d73c                cyw43_thread_enter
 .text.cyw43_thread_exit
                0x1000d750       0x14 CMakeFiles/picowota.dir/usr/share/pico-sdk/src/rp2_common/pico_cyw43_driver/cyw43_driver.c.obj
                0x1000d750                cyw43_thread_exit
 .text.cyw43_thread_lock_check
                0x1000d764       0x14 CMakeFiles/picowota.dir/usr/share/pico-sdk/src/rp2_common/pico_cyw43_driver/cyw43_driver.c.obj
                0x1000d764                cyw43_thread_lock_check
 .text.cyw43_await_background_or_timeout_us
                0x1000d778       0x3c CMakeFiles/picowota.dir/usr/share/pico-sdk/src/rp2_common/pico_cyw43_driver/cyw43_driver.c.obj
                0x1000d778                cyw43_await_background_or_timeout_us
 .text.cyw43_delay_ms
                0x1000d7b4       0x48 CMakeFiles/picowota.dir/usr/share/pico-sdk/src/rp2_common/pico_cyw43_driver/cyw43_driver.c.obj
                0x1000d7b4                cyw43_delay_ms
 .text.cyw43_delay_us
                0x1000d7fc       0x3c CMakeFiles/picowota.dir/usr/share/pico-sdk/src/rp2_common/pico_cyw43_driver/cyw43_driver.c.obj
                0x1000d7fc                cyw43_delay_us
 .text.noop     0x1000d838        0x2 CMakeFiles/picowota.dir/usr/share/pico-sdk/src/rp2_common/pico_async_context/async_context_poll.c.obj
 .text.async_context_poll_execute_sync
                0x1000d83a        0x8 CMakeFiles/picowota.dir/usr/share/pico-sdk/src/rp2_common/pico_async_context/async_context_poll.c.obj
                0x1000d83a                async_context_poll_execute_sync
 .text.async_context_poll_wait_for_work_until
                0x1000d842       0x20 CMakeFiles/picowota.dir/usr/share/pico-sdk/src/rp2_common/pico_async_context/async_context_poll.c.obj
 .text.async_context_poll_wait_until
                0x1000d862        0xc CMakeFiles/picowota.dir/usr/share/pico-sdk/src/rp2_common/pico_async_context/async_context_poll.c.obj
 .text.async_context_poll_poll
                0x1000d86e        0xc CMakeFiles/picowota.dir/usr/share/pico-sdk/src/rp2_common/pico_async_context/async_context_poll.c.obj
 .text.async_context_poll_requires_update
                0x1000d87a        0xe CMakeFiles/picowota.dir/usr/share/pico-sdk/src/rp2_common/pico_async_context/async_context_poll.c.obj
 .text.async_context_poll_lock_check
                0x1000d888       0x24 CMakeFiles/picowota.dir/usr/share/pico-sdk/src/rp2_common/pico_async_context/async_context_poll.c.obj
 .text.async_context_poll_init_with_defaults
                0x1000d8ac       0x30 CMakeFiles/picowota.dir/usr/share/pico-sdk/src/rp2_common/pico_async_context/async_context_poll.c.obj
                0x1000d8ac                async_context_poll_init_with_defaults
 .text._exit    0x1000d8dc        0x4 CMakeFiles/picowota.dir/usr/share/pico-sdk/src/rp2_common/pico_runtime/runtime.c.obj
                0x1000d8dc                _exit
 .text._sbrk    0x1000d8e0       0x30 CMakeFiles/picowota.dir/usr/share/pico-sdk/src/rp2_common/pico_runtime/runtime.c.obj
                0x1000d8e0                _sbrk
 .text.exit     0x1000d910        0x6 CMakeFiles/picowota.dir/usr/share/pico-sdk/src/rp2_common/pico_runtime/runtime.c.obj